Archive member included to satisfy reference by file (symbol)

/usr/lib/gcc/mips64-elf/14.2.0/../../../../mips64-elf/lib/libdragon.a(n64sys.o)
                              build/src/main.o (__boot_consoletype)
/usr/lib/gcc/mips64-elf/14.2.0/../../../../mips64-elf/lib/libdragon.a(interrupt.o)
                              /usr/lib/gcc/mips64-elf/14.2.0/../../../../mips64-elf/lib/libdragon.a(n64sys.o) (disable_interrupts)
/usr/lib/gcc/mips64-elf/14.2.0/../../../../mips64-elf/lib/libdragon.a(entrypoint.o)
                              (_start)
/usr/lib/gcc/mips64-elf/14.2.0/../../../../mips64-elf/lib/libdragon.a(debug.o)
                              /usr/lib/gcc/mips64-elf/14.2.0/../../../../mips64-elf/lib/libdragon.a(n64sys.o) (debug_assert_func_f)
/usr/lib/gcc/mips64-elf/14.2.0/../../../../mips64-elf/lib/libdragon.a(usb.o)
                              /usr/lib/gcc/mips64-elf/14.2.0/../../../../mips64-elf/lib/libdragon.a(debug.o) (usb_write)
/usr/lib/gcc/mips64-elf/14.2.0/../../../../mips64-elf/lib/libdragon.a(cart.o)
                              /usr/lib/gcc/mips64-elf/14.2.0/../../../../mips64-elf/lib/libdragon.a(debug.o) (cart_init)
/usr/lib/gcc/mips64-elf/14.2.0/../../../../mips64-elf/lib/libdragon.a(ff.o)
                              /usr/lib/gcc/mips64-elf/14.2.0/../../../../mips64-elf/lib/libdragon.a(debug.o) (f_mount)
/usr/lib/gcc/mips64-elf/14.2.0/../../../../mips64-elf/lib/libdragon.a(ffunicode.o)
                              /usr/lib/gcc/mips64-elf/14.2.0/../../../../mips64-elf/lib/libdragon.a(ff.o) (ff_uni2oem)
/usr/lib/gcc/mips64-elf/14.2.0/../../../../mips64-elf/lib/libdragon.a(dragonfs.o)
                              build/src/main.o (dfs_init)
/usr/lib/gcc/mips64-elf/14.2.0/../../../../mips64-elf/lib/libdragon.a(display.o)
                              build/src/main.o (display_init)
/usr/lib/gcc/mips64-elf/14.2.0/../../../../mips64-elf/lib/libdragon.a(surface.o)
                              /usr/lib/gcc/mips64-elf/14.2.0/../../../../mips64-elf/lib/libdragon.a(display.o) (surface_alloc)
/usr/lib/gcc/mips64-elf/14.2.0/../../../../mips64-elf/lib/libdragon.a(console.o)
                              build/src/main.o (console_init)
/usr/lib/gcc/mips64-elf/14.2.0/../../../../mips64-elf/lib/libdragon.a(graphics.o)
                              build/src/main.o (graphics_make_color)
/usr/lib/gcc/mips64-elf/14.2.0/../../../../mips64-elf/lib/libdragon.a(rsp.o)
                              /usr/lib/gcc/mips64-elf/14.2.0/../../../../mips64-elf/lib/libdragon.a(display.o) (__rsp_crash)
/usr/lib/gcc/mips64-elf/14.2.0/../../../../mips64-elf/lib/libdragon.a(rsp_crash.o)
                              /usr/lib/gcc/mips64-elf/14.2.0/../../../../mips64-elf/lib/libdragon.a(rsp.o) (rsp_crash_data_start)
/usr/lib/gcc/mips64-elf/14.2.0/../../../../mips64-elf/lib/libdragon.a(inspector.o)
                              /usr/lib/gcc/mips64-elf/14.2.0/../../../../mips64-elf/lib/libdragon.a(debug.o) (__inspector_assertion)
/usr/lib/gcc/mips64-elf/14.2.0/../../../../mips64-elf/lib/libdragon.a(sprite.o)
                              /usr/lib/gcc/mips64-elf/14.2.0/../../../../mips64-elf/lib/libdragon.a(graphics.o) (__sprite_upgrade)
/usr/lib/gcc/mips64-elf/14.2.0/../../../../mips64-elf/lib/libdragon.a(dma.o)
                              /usr/lib/gcc/mips64-elf/14.2.0/../../../../mips64-elf/lib/libdragon.a(debug.o) (io_accessible)
/usr/lib/gcc/mips64-elf/14.2.0/../../../../mips64-elf/lib/libdragon.a(timer.o)
                              build/src/main.o (timer_init)
/usr/lib/gcc/mips64-elf/14.2.0/../../../../mips64-elf/lib/libdragon.a(exception.o)
                              /usr/lib/gcc/mips64-elf/14.2.0/../../../../mips64-elf/lib/libdragon.a(inspector.o) (__exception_dump_header)
/usr/lib/gcc/mips64-elf/14.2.0/../../../../mips64-elf/lib/libdragon.a(do_ctors.o)
                              /usr/lib/gcc/mips64-elf/14.2.0/../../../../mips64-elf/lib/libdragon.a(entrypoint.o) (__wrap___do_global_ctors)
/usr/lib/gcc/mips64-elf/14.2.0/../../../../mips64-elf/lib/libdragon.a(dlfcn.o)
                              /usr/lib/gcc/mips64-elf/14.2.0/../../../../mips64-elf/lib/libdragon.a(inspector.o) (__dl_list_head)
/usr/lib/gcc/mips64-elf/14.2.0/../../../../mips64-elf/lib/libdragon.a(controller.o)
                              /usr/lib/gcc/mips64-elf/14.2.0/../../../../mips64-elf/lib/libdragon.a(inspector.o) (controller_read)
/usr/lib/gcc/mips64-elf/14.2.0/../../../../mips64-elf/lib/libdragon.a(joybus_accessory.o)
                              /usr/lib/gcc/mips64-elf/14.2.0/../../../../mips64-elf/lib/libdragon.a(controller.o) (joybus_accessory_read)
/usr/lib/gcc/mips64-elf/14.2.0/../../../../mips64-elf/lib/libdragon.a(joybus.o)
                              /usr/lib/gcc/mips64-elf/14.2.0/../../../../mips64-elf/lib/libdragon.a(joybus_accessory.o) (joybus_exec_async)
/usr/lib/gcc/mips64-elf/14.2.0/../../../../mips64-elf/lib/libdragon.a(joypad.o)
                              build/src/main.o (joypad_init)
[...]
Memory Configuration

Name             Origin             Length             Attributes
*default*        0x00000000         0xffffffff

Linker script and memory map

LOAD /usr/lib/gcc/mips64-elf/14.2.0/crti.o
LOAD /usr/lib/gcc/mips64-elf/14.2.0/crtbegin.o
LOAD build/src/main.o
LOAD build/src/lua/lapi.o
LOAD build/src/lua/lauxlib.o
LOAD build/src/lua/lbaselib.o
LOAD build/src/lua/lcode.o
LOAD build/src/lua/lcorolib.o
LOAD build/src/lua/lctype.o
LOAD build/src/lua/ldblib.o
LOAD build/src/lua/ldebug.o
LOAD build/src/lua/ldo.o
LOAD build/src/lua/ldump.o
LOAD build/src/lua/lfunc.o
LOAD build/src/lua/lgc.o
LOAD build/src/lua/linit.o
LOAD build/src/lua/liolib.o
LOAD build/src/lua/llex.o
LOAD build/src/lua/lmathlib.o
LOAD build/src/lua/lmem.o
LOAD build/src/lua/loadlib.o
LOAD build/src/lua/lobject.o
LOAD build/src/lua/lopcodes.o
LOAD build/src/lua/loslib.o
LOAD build/src/lua/lparser.o
LOAD build/src/lua/lstate.o
LOAD build/src/lua/lstring.o
LOAD build/src/lua/lstrlib.o
LOAD build/src/lua/ltable.o
LOAD build/src/lua/ltablib.o
LOAD build/src/lua/ltests.o
LOAD build/src/lua/ltm.o
LOAD build/src/lua/lundump.o
LOAD build/src/lua/lutf8lib.o
LOAD build/src/lua/lvm.o
LOAD build/src/lua/lzio.o
LOAD /usr/lib/gcc/mips64-elf/14.2.0/../../../../mips64-elf/lib/libdragon.a
LOAD /usr/lib/gcc/mips64-elf/14.2.0/../../../../mips64-elf/lib/libm.a
LOAD /usr/lib/gcc/mips64-elf/14.2.0/../../../../mips64-elf/lib/libdragonsys.a

.intvectors     0x80000000      0x188
                0x80000000                        . = ALIGN (0x20)
 *(.intvectors)
 .intvectors    0x80000000      0x188 /usr/lib/gcc/mips64-elf/14.2.0/../../../../mips64-elf/lib/libdragon.a(inthandler.o)
                0x80000188                        __intvectors_end = .

.text           0x80000400    0x69010
                0x80000400                        __text_start = .
 *(.boot)
 .boot          0x80000400       0x68 /usr/lib/gcc/mips64-elf/14.2.0/../../../../mips64-elf/lib/libdragon.a(entrypoint.o)
                0x80000400                _start
                0x80000470                        . = ALIGN (0x10)
 *fill*         0x80000468        0x8 
 *(.text)
 *fill*         0x80000470       0x10 
 .text          0x80000480      0x380 /usr/lib/gcc/mips64-elf/14.2.0/../../../../mips64-elf/lib/libdragon.a(inthandler.o)
                0x80000480                inthandler
                0x80000800                inthandler_end
 .text          0x80000800       0x90 /usr/lib/gcc/mips64-elf/14.2.0/../../../../mips64-elf/lib/libm.a(libm_a-w_acos.o)
                0x80000800                acos
 .text          0x80000890       0x90 /usr/lib/gcc/mips64-elf/14.2.0/../../../../mips64-elf/lib/libm.a(libm_a-w_asin.o)
                0x80000890                asin
 .text          0x80000920        0x8 /usr/lib/gcc/mips64-elf/14.2.0/../../../../mips64-elf/lib/libm.a(libm_a-w_atan2.o)
                0x80000920                atan2
 .text          0x80000928       0xa0 /usr/lib/gcc/mips64-elf/14.2.0/../../../../mips64-elf/lib/libm.a(libm_a-w_exp.o)
                0x80000928                exp
 .text          0x800009c8       0x80 /usr/lib/gcc/mips64-elf/14.2.0/../../../../mips64-elf/lib/libm.a(libm_a-w_fmod.o)
                0x800009c8                fmod
 .text          0x80000a48       0x98 /usr/lib/gcc/mips64-elf/14.2.0/../../../../mips64-elf/lib/libm.a(libm_a-w_log.o)
                0x80000a48                log
 .text          0x80000ae0       0x98 /usr/lib/gcc/mips64-elf/14.2.0/../../../../mips64-elf/lib/libm.a(libm_a-w_log10.o)
                0x80000ae0                log10
 .text          0x80000b78      0x160 /usr/lib/gcc/mips64-elf/14.2.0/../../../../mips64-elf/lib/libm.a(libm_a-w_pow.o)
                0x80000b78                pow
 .text          0x80000cd8      0x1a8 /usr/lib/gcc/mips64-elf/14.2.0/../../../../mips64-elf/lib/libm.a(libm_a-s_ceil.o)
                0x80000cd8                ceil
 .text          0x80000e80      0x100 /usr/lib/gcc/mips64-elf/14.2.0/../../../../mips64-elf/lib/libm.a(libm_a-s_cos.o)
                0x80000e80                cos
 .text          0x80000f80       0x30 /usr/lib/gcc/mips64-elf/14.2.0/../../../../mips64-elf/lib/libm.a(libm_a-s_fabs.o)
                0x80000f80                fabs
 .text          0x80000fb0      0x1c0 /usr/lib/gcc/mips64-elf/14.2.0/../../../../mips64-elf/lib/libm.a(libm_a-s_floor.o)
                0x80000fb0                floor
 .text          0x80001170       0xa8 /usr/lib/gcc/mips64-elf/14.2.0/../../../../mips64-elf/lib/libm.a(libm_a-s_frexp.o)
                0x80001170                frexp
 .text          0x80001218       0xa8 /usr/lib/gcc/mips64-elf/14.2.0/../../../../mips64-elf/lib/libm.a(libm_a-s_ldexp.o)
                0x80001218                ldexp
 .text          0x800012c0      0x108 /usr/lib/gcc/mips64-elf/14.2.0/../../../../mips64-elf/lib/libm.a(libm_a-s_sin.o)
                0x800012c0                sin
 .text          0x800013c8       0x80 /usr/lib/gcc/mips64-elf/14.2.0/../../../../mips64-elf/lib/libm.a(libm_a-s_tan.o)
                0x800013c8                tan
 .text          0x80001448       0x20 /usr/lib/gcc/mips64-elf/14.2.0/../../../../mips64-elf/lib/libm.a(libm_a-s_finite.o)
                0x80001448                finite
 .text          0x80001468      0x198 /usr/lib/gcc/mips64-elf/14.2.0/../../../../mips64-elf/lib/libm.a(libm_a-s_scalbn.o)
                0x80001468                scalbn
 .text          0x80001600        0x8 /usr/lib/gcc/mips64-elf/14.2.0/../../../../mips64-elf/lib/libm.a(libm_a-s_nan.o)
                0x80001600                nan
 .text          0x80001608      0x198 /usr/lib/gcc/mips64-elf/14.2.0/../../../../mips64-elf/lib/libm.a(libm_a-k_cos.o)
                0x80001608                __kernel_cos
 .text          0x800017a0       0xc8 /usr/lib/gcc/mips64-elf/14.2.0/../../../../mips64-elf/lib/libm.a(libm_a-k_sin.o)
                0x800017a0                __kernel_sin
 .text          0x80001868      0x310 /usr/lib/gcc/mips64-elf/14.2.0/../../../../mips64-elf/lib/libm.a(libm_a-k_tan.o)
                0x80001868                __kernel_tan
 .text          0x80001b78      0x320 /usr/lib/gcc/mips64-elf/14.2.0/../../../../mips64-elf/lib/libm.a(libm_a-e_acos.o)
                0x80001b78                __ieee754_acos
 .text          0x80001e98      0x318 /usr/lib/gcc/mips64-elf/14.2.0/../../../../mips64-elf/lib/libm.a(libm_a-e_asin.o)
                0x80001e98                __ieee754_asin
 .text          0x800021b0      0x240 /usr/lib/gcc/mips64-elf/14.2.0/../../../../mips64-elf/lib/libm.a(libm_a-e_atan2.o)
                0x800021b0                __ieee754_atan2
 .text          0x800023f0      0x300 /usr/lib/gcc/mips64-elf/14.2.0/../../../../mips64-elf/lib/libm.a(libm_a-e_exp.o)
                0x800023f0                __ieee754_exp
 .text          0x800026f0      0x5e0 /usr/lib/gcc/mips64-elf/14.2.0/../../../../mips64-elf/lib/libm.a(libm_a-e_fmod.o)
                0x800026f0                __ieee754_fmod
 .text          0x80002cd0      0x280 /usr/lib/gcc/mips64-elf/14.2.0/../../../../mips64-elf/lib/libm.a(libm_a-e_log.o)
                0x80002cd0                __ieee754_log
 .text          0x80002f50      0x150 /usr/lib/gcc/mips64-elf/14.2.0/../../../../mips64-elf/lib/libm.a(libm_a-e_log10.o)
                0x80002f50                __ieee754_log10
 .text          0x800030a0      0xbd8 /usr/lib/gcc/mips64-elf/14.2.0/../../../../mips64-elf/lib/libm.a(libm_a-e_pow.o)
                0x800030a0                __ieee754_pow
 .text          0x80003c78      0x370 /usr/lib/gcc/mips64-elf/14.2.0/../../../../mips64-elf/lib/libm.a(libm_a-e_rem_pio2.o)
                0x80003c78                __ieee754_rem_pio2
 .text          0x80003fe8      0x310 /usr/lib/gcc/mips64-elf/14.2.0/../../../../mips64-elf/lib/libm.a(libm_a-e_sqrt.o)
                0x80003fe8                __ieee754_sqrt
 .text          0x800042f8      0x2d0 /usr/lib/gcc/mips64-elf/14.2.0/../../../../mips64-elf/lib/libm.a(libm_a-s_atan.o)
                0x800042f8                atan
 .text          0x800045c8      0x160 /usr/lib/gcc/mips64-elf/14.2.0/../../../../mips64-elf/lib/libm.a(libm_a-math_err.o)
                0x80004638                __math_uflow
                0x80004640                __math_may_uflow
                0x80004648                __math_oflow
                0x80004650                __math_divzero
                0x80004698                __math_invalid
                0x800046c0                __math_check_uflow
                0x800046e8                __math_check_oflow
 .text          0x80004728      0x9c8 /usr/lib/gcc/mips64-elf/14.2.0/../../../../mips64-elf/lib/libm.a(libm_a-k_rem_pio2.o)
                0x80004728                __kernel_rem_pio2
 .text          0x800050f0       0x18 /usr/lib/gcc/mips64-elf/14.2.0/../../../../mips64-elf/lib/libc.a(libc_a-abort.o)
                0x800050f0                abort
 .text          0x80005108       0x18 /usr/lib/gcc/mips64-elf/14.2.0/../../../../mips64-elf/lib/libc.a(libc_a-calloc.o)
                0x80005108                calloc
 .text          0x80005120      0x120 /usr/lib/gcc/mips64-elf/14.2.0/../../../../mips64-elf/lib/libc.a(libc_a-callocr.o)
                0x80005120                _calloc_r
 .text          0x80005240       0x38 /usr/lib/gcc/mips64-elf/14.2.0/../../../../mips64-elf/lib/libc.a(libc_a-exit.o)
                0x80005240                exit
 .text          0x80005278       0x40 /usr/lib/gcc/mips64-elf/14.2.0/../../../../mips64-elf/lib/libc.a(libc_a-getenv.o)
                0x80005278                _findenv
                0x80005290                getenv
 .text          0x800052b8      0x158 /usr/lib/gcc/mips64-elf/14.2.0/../../../../mips64-elf/lib/libc.a(libc_a-getenv_r.o)
                0x800052b8                _findenv_r
                0x800053f0                _getenv_r
 .text          0x80005410       0x20 /usr/lib/gcc/mips64-elf/14.2.0/../../../../mips64-elf/lib/libc.a(libc_a-malloc.o)
                0x80005410                malloc
                0x80005420                free
 .text          0x80005430      0x890 /usr/lib/gcc/mips64-elf/14.2.0/../../../../mips64-elf/lib/libc.a(libc_a-mallocr.o)
                0x80005430                _malloc_r
 .text          0x80005cc0       0x20 /usr/lib/gcc/mips64-elf/14.2.0/../../../../mips64-elf/lib/libc.a(libc_a-mlock.o)
                0x80005cc0                __malloc_lock
                0x80005cd0                __malloc_unlock
 .text          0x80005ce0       0x18 /usr/lib/gcc/mips64-elf/14.2.0/../../../../mips64-elf/lib/libc.a(libc_a-realloc.o)
                0x80005ce0                realloc
 .text          0x80005cf8      0x608 /usr/lib/gcc/mips64-elf/14.2.0/../../../../mips64-elf/lib/libc.a(libc_a-reallocr.o)
                0x80005cf8                _realloc_r
 .text          0x80006300     0x18f8 /usr/lib/gcc/mips64-elf/14.2.0/../../../../mips64-elf/lib/libc.a(libc_a-strtod.o)
                0x80006368                _strtod_l
                0x800079c8                _strtod_r
                0x800079d8                strtod_l
                0x800079f0                strtod
                0x80007a10                strtof_l
                0x80007ae8                strtof
 .text          0x80007bf8       0x18 /usr/lib/gcc/mips64-elf/14.2.0/../../../../mips64-elf/lib/libc.a(libc_a-malign.o)
                0x80007bf8                memalign
 .text          0x80007c10      0x220 /usr/lib/gcc/mips64-elf/14.2.0/../../../../mips64-elf/lib/libc.a(libc_a-malignr.o)
                0x80007c10                _memalign_r
 .text          0x80007e30       0x70 /usr/lib/gcc/mips64-elf/14.2.0/../../../../mips64-elf/lib/libc.a(libc_a-system.o)
                0x80007e30                _system_r
                0x80007e68                system
 .text          0x80007ea0     0x3278 /usr/lib/gcc/mips64-elf/14.2.0/../../../../mips64-elf/lib/libc.a(libc_a-vfprintf.o)
                0x80007ea0                _vfprintf_r
                0x8000b000                vfprintf
 .text          0x8000b118       0x40 /usr/lib/gcc/mips64-elf/14.2.0/../../../../mips64-elf/lib/libc.a(libc_a-sprint_r.o)
                0x8000b118                __sprint_r
 .text          0x8000b158      0x1b0 /usr/lib/gcc/mips64-elf/14.2.0/../../../../mips64-elf/lib/libc.a(libc_a-fclose.o)
                0x8000b158                _fclose_r
                0x8000b2f8                fclose
 .text          0x8000b308      0x1e0 /usr/lib/gcc/mips64-elf/14.2.0/../../../../mips64-elf/lib/libc.a(libc_a-fdopen.o)
                0x8000b308                _fdopen_r
                0x8000b4d0                fdopen
 .text          0x8000b4e8      0x458 /usr/lib/gcc/mips64-elf/14.2.0/../../../../mips64-elf/lib/libc.a(libc_a-fflush.o)
                0x8000b4e8                __sflush_r
                0x8000b740                _fflush_r
                0x8000b848                fflush
 .text          0x8000b940      0x230 /usr/lib/gcc/mips64-elf/14.2.0/../../../../mips64-elf/lib/libc.a(libc_a-fgets.o)
                0x8000b940                _fgets_r
                0x8000bb58                fgets
 .text          0x8000bb70      0x510 /usr/lib/gcc/mips64-elf/14.2.0/../../../../mips64-elf/lib/libc.a(libc_a-findfp.o)
                0x8000be08                __sfp
                0x8000bf78                __sinit
                0x8000bff0                __sfp_lock_acquire
                0x8000c000                __sfp_lock_release
                0x8000c010                __fp_lock_all
                0x8000c048                __fp_unlock_all
 .text          0x8000c080       0xc8 /usr/lib/gcc/mips64-elf/14.2.0/../../../../mips64-elf/lib/libc.a(libc_a-flags.o)
                0x8000c080                __sflags
 .text          0x8000c148      0x1b8 /usr/lib/gcc/mips64-elf/14.2.0/../../../../mips64-elf/lib/libc.a(libc_a-fopen.o)
                0x8000c148                _fopen_r
                0x8000c2e8                fopen
 .text          0x8000c300       0x68 /usr/lib/gcc/mips64-elf/14.2.0/../../../../mips64-elf/lib/libc.a(libc_a-fprintf.o)
                0x8000c300                _fprintf_r
                0x8000c328                fprintf
 .text          0x8000c368      0x190 /usr/lib/gcc/mips64-elf/14.2.0/../../../../mips64-elf/lib/libc.a(libc_a-fputc.o)
                0x8000c368                _fputc_r
                0x8000c430                fputc
 .text          0x8000c4f8      0x180 /usr/lib/gcc/mips64-elf/14.2.0/../../../../mips64-elf/lib/libc.a(libc_a-fputs.o)
                0x8000c4f8                _fputs_r
                0x8000c660                fputs
 .text          0x8000c678      0x3d8 /usr/lib/gcc/mips64-elf/14.2.0/../../../../mips64-elf/lib/libc.a(libc_a-fread.o)
                0x8000c678                _fread_r
                0x8000ca20                fread
 .text          0x8000ca50      0x360 /usr/lib/gcc/mips64-elf/14.2.0/../../../../mips64-elf/lib/libc.a(libc_a-freopen.o)
                0x8000ca50                _freopen_r
                0x8000cd98                freopen
 .text          0x8000cdb0       0x20 /usr/lib/gcc/mips64-elf/14.2.0/../../../../mips64-elf/lib/libc.a(libc_a-fseek.o)
                0x8000cdb0                _fseek_r
                0x8000cdb8                fseek
 .text          0x8000cdd0       0x18 /usr/lib/gcc/mips64-elf/14.2.0/../../../../mips64-elf/lib/libc.a(libc_a-ftell.o)
                0x8000cdd0                _ftell_r
                0x8000cdd8                ftell
 .text          0x8000cde8      0x508 /usr/lib/gcc/mips64-elf/14.2.0/../../../../mips64-elf/lib/libc.a(libc_a-fvwrite.o)
                0x8000cde8                __sfvwrite_r
 .text          0x8000d2f0       0xc0 /usr/lib/gcc/mips64-elf/14.2.0/../../../../mips64-elf/lib/libc.a(libc_a-fwalk.o)
                0x8000d2f0                _fwalk_sglue
 .text          0x8000d3b0      0x250 /usr/lib/gcc/mips64-elf/14.2.0/../../../../mips64-elf/lib/libc.a(libc_a-fwrite.o)
                0x8000d3b0                _fwrite_r
                0x8000d5d0                fwrite
 .text          0x8000d600      0x1e0 /usr/lib/gcc/mips64-elf/14.2.0/../../../../mips64-elf/lib/libc.a(libc_a-getc.o)
                0x8000d600                _getc_r
                0x8000d6f0                getc
 .text          0x8000d7e0       0x78 /usr/lib/gcc/mips64-elf/14.2.0/../../../../mips64-elf/lib/libc.a(libc_a-printf.o)
                0x8000d7e0                _printf_r
                0x8000d818                printf
 .text          0x8000d858      0x260 /usr/lib/gcc/mips64-elf/14.2.0/../../../../mips64-elf/lib/libc.a(libc_a-putc.o)
                0x8000d858                _putc_r
                0x8000d988                putc
 .text          0x8000dab8       0x20 /usr/lib/gcc/mips64-elf/14.2.0/../../../../mips64-elf/lib/libc.a(libc_a-putchar.o)
                0x8000dab8                _putchar_r
                0x8000dac0                putchar
 .text          0x8000dad8      0x1a8 /usr/lib/gcc/mips64-elf/14.2.0/../../../../mips64-elf/lib/libc.a(libc_a-puts.o)
                0x8000dad8                _puts_r
                0x8000dc70                puts
 .text          0x8000dc80      0x200 /usr/lib/gcc/mips64-elf/14.2.0/../../../../mips64-elf/lib/libc.a(libc_a-refill.o)
                0x8000dca8                __srefill_r
 .text          0x8000de80       0x58 /usr/lib/gcc/mips64-elf/14.2.0/../../../../mips64-elf/lib/libc.a(libc_a-remove.o)
                0x8000de80                _remove_r
                0x8000dea8                remove
 .text          0x8000ded8       0x18 /usr/lib/gcc/mips64-elf/14.2.0/../../../../mips64-elf/lib/libc.a(libc_a-rename.o)
                0x8000ded8                rename
 .text          0x8000def0      0x170 /usr/lib/gcc/mips64-elf/14.2.0/../../../../mips64-elf/lib/libc.a(libc_a-rget.o)
                0x8000def0                __srget_r
                0x8000dfa8                __srget
 .text          0x8000e060      0x2f8 /usr/lib/gcc/mips64-elf/14.2.0/../../../../mips64-elf/lib/libc.a(libc_a-setvbuf.o)
                0x8000e060                setvbuf
 .text          0x8000e358      0x1c8 /usr/lib/gcc/mips64-elf/14.2.0/../../../../mips64-elf/lib/libc.a(libc_a-snprintf.o)
                0x8000e358                _snprintf_r
                0x8000e438                snprintf
 .text          0x8000e520       0xe0 /usr/lib/gcc/mips64-elf/14.2.0/../../../../mips64-elf/lib/libc.a(libc_a-sprintf.o)
                0x8000e520                _sprintf_r
                0x8000e588                sprintf
 .text          0x8000e600      0x190 /usr/lib/gcc/mips64-elf/14.2.0/../../../../mips64-elf/lib/libc.a(libc_a-stdio.o)
                0x8000e600                __sread
                0x8000e658                __seofread
                0x8000e660                __swrite
                0x8000e720                __sseek
                0x8000e788                __sclose
 .text          0x8000e790      0x100 /usr/lib/gcc/mips64-elf/14.2.0/../../../../mips64-elf/lib/libc.a(libc_a-tmpfile.o)
                0x8000e790                _tmpfile_r
                0x8000e888                tmpfile
 .text          0x8000e890      0x340 /usr/lib/gcc/mips64-elf/14.2.0/../../../../mips64-elf/lib/libc.a(libc_a-tmpnam.o)
                0x8000e9b0                _tmpnam_r
                0x8000ea30                _tempnam_r
                0x8000eb38                tempnam
                0x8000eb50                tmpnam
 .text          0x8000ebd0      0x378 /usr/lib/gcc/mips64-elf/14.2.0/../../../../mips64-elf/lib/libc.a(libc_a-ungetc.o)
                0x8000ebd0                __submore
                0x8000eca0                _ungetc_r
                0x8000ef30                ungetc
 .text          0x8000ef48       0x30 /usr/lib/gcc/mips64-elf/14.2.0/../../../../mips64-elf/lib/libc.a(libc_a-vprintf.o)
                0x8000ef48                vprintf
                0x8000ef60                _vprintf_r
 .text          0x8000ef78      0x1d0 /usr/lib/gcc/mips64-elf/14.2.0/../../../../mips64-elf/lib/libc.a(libc_a-wbuf.o)
                0x8000ef78                __swbuf_r
                0x8000f130                __swbuf
 .text          0x8000f148      0x1e0 /usr/lib/gcc/mips64-elf/14.2.0/../../../../mips64-elf/lib/libc.a(libc_a-wsetup.o)
                0x8000f148                __swsetup_r
 .text          0x8000f328      0x550 /usr/lib/gcc/mips64-elf/14.2.0/../../../../mips64-elf/lib/libc.a(libc_a-fseeko.o)
                0x8000f328                _fseeko_r
                0x8000f860                fseeko
 .text          0x8000f878      0x1e8 /usr/lib/gcc/mips64-elf/14.2.0/../../../../mips64-elf/lib/libc.a(libc_a-ftello.o)
                0x8000f878                _ftello_r
                0x8000fa50                ftello
 .text          0x8000fa60       0xf0 /usr/lib/gcc/mips64-elf/14.2.0/../../../../mips64-elf/lib/libc.a(libc_a-memchr.o)
                0x8000fa60                memchr
 .text          0x8000fb50       0x88 /usr/lib/gcc/mips64-elf/14.2.0/../../../../mips64-elf/lib/libc.a(libc_a-memcmp.o)
                0x8000fb50                memcmp
 .text          0x8000fbd8      0x168 /usr/lib/gcc/mips64-elf/14.2.0/../../../../mips64-elf/lib/libc.a(libc_a-memmove.o)
                0x8000fbd8                memmove
 .text          0x8000fd40       0x98 /usr/lib/gcc/mips64-elf/14.2.0/../../../../mips64-elf/lib/libc.a(libc_a-strcat.o)
                0x8000fd40                strcat
 .text          0x8000fdd8      0x188 /usr/lib/gcc/mips64-elf/14.2.0/../../../../mips64-elf/lib/libc.a(libc_a-strchr.o)
                0x8000fdd8                strchr
 .text          0x8000ff60        0x8 /usr/lib/gcc/mips64-elf/14.2.0/../../../../mips64-elf/lib/libc.a(libc_a-strcoll.o)
                0x8000ff60                strcoll
 .text          0x8000ff68       0xa8 /usr/lib/gcc/mips64-elf/14.2.0/../../../../mips64-elf/lib/libc.a(libc_a-strcpy.o)
                0x8000ff68                strcpy
 .text          0x80010010      0x460 /usr/lib/gcc/mips64-elf/14.2.0/../../../../mips64-elf/lib/libc.a(libc_a-strerror.o)
                0x80010010                _strerror_r
                0x80010440                strerror
                0x80010458                strerror_l
 .text          0x80010470       0xc8 /usr/lib/gcc/mips64-elf/14.2.0/../../../../mips64-elf/lib/libc.a(libc_a-strncmp.o)
                0x80010470                strncmp
 .text          0x80010538       0x70 /usr/lib/gcc/mips64-elf/14.2.0/../../../../mips64-elf/lib/libc.a(libc_a-strpbrk.o)
                0x80010538                strpbrk
 .text          0x800105a8       0x70 /usr/lib/gcc/mips64-elf/14.2.0/../../../../mips64-elf/lib/libc.a(libc_a-strrchr.o)
                0x800105a8                strrchr
 .text          0x80010618       0x68 /usr/lib/gcc/mips64-elf/14.2.0/../../../../mips64-elf/lib/libc.a(libc_a-strspn.o)
                0x80010618                strspn
 .text          0x80010680      0xb80 /usr/lib/gcc/mips64-elf/14.2.0/../../../../mips64-elf/lib/libc.a(libc_a-strstr.o)
                0x80010f00                strstr
 .text          0x80011200        0x8 /usr/lib/gcc/mips64-elf/14.2.0/../../../../mips64-elf/lib/libc.a(libc_a-u_strerr.o)
                0x80011200                _user_strerror
 .text          0x80011208      0x598 /usr/lib/gcc/mips64-elf/14.2.0/../../../../mips64-elf/lib/libc.a(libc_a-signal.o)
                0x80011208                _init_signal_r
                0x80011270                _signal_r
                0x80011320                _raise_r
                0x800113d8                __sigtramp_r
                0x800114c8                raise
                0x80011590                signal
                0x80011648                _init_signal
                0x800116b8                __sigtramp
 .text          0x800117a0       0x48 /usr/lib/gcc/mips64-elf/14.2.0/../../../../mips64-elf/lib/libc.a(libc_a-clock.o)
                0x800117a0                clock
 .text          0x800117e8       0x10 /usr/lib/gcc/mips64-elf/14.2.0/../../../../mips64-elf/lib/libc.a(libc_a-difftime.o)
                0x800117e8                difftime
 .text          0x800117f8       0x10 /usr/lib/gcc/mips64-elf/14.2.0/../../../../mips64-elf/lib/libc.a(libc_a-gmtime.o)
                0x800117f8                gmtime
 .text          0x80011808      0x430 /usr/lib/gcc/mips64-elf/14.2.0/../../../../mips64-elf/lib/libc.a(libc_a-gmtime_r.o)
                0x80011808                gmtime_r
 .text          0x80011c38       0x10 /usr/lib/gcc/mips64-elf/14.2.0/../../../../mips64-elf/lib/libc.a(libc_a-lcltime.o)
                0x80011c38                localtime
 .text          0x80011c48      0x4b0 /usr/lib/gcc/mips64-elf/14.2.0/../../../../mips64-elf/lib/libc.a(libc_a-lcltime_r.o)
                0x80011c48                localtime_r
 .text          0x800120f8      0xa00 /usr/lib/gcc/mips64-elf/14.2.0/../../../../mips64-elf/lib/libc.a(libc_a-mktime.o)
                0x800124f0                mktime
 .text          0x80012af8     0x16c0 /usr/lib/gcc/mips64-elf/14.2.0/../../../../mips64-elf/lib/libc.a(libc_a-strftime.o)
                0x800141a8                strftime
                0x800141b0                strftime_l
 .text          0x800141b8       0x50 /usr/lib/gcc/mips64-elf/14.2.0/../../../../mips64-elf/lib/libc.a(libc_a-time.o)
                0x800141b8                time
 .text          0x80014208      0x330 /usr/lib/gcc/mips64-elf/14.2.0/../../../../mips64-elf/lib/libc.a(libc_a-tzcalc_limits.o)
                0x80014208                __tzcalc_limits
 .text          0x80014538       0x20 /usr/lib/gcc/mips64-elf/14.2.0/../../../../mips64-elf/lib/libc.a(libc_a-tzlock.o)
                0x80014538                __tz_lock
                0x80014548                __tz_unlock
 .text          0x80014558       0x30 /usr/lib/gcc/mips64-elf/14.2.0/../../../../mips64-elf/lib/libc.a(libc_a-tzset.o)
                0x80014558                _tzset_unlocked
                0x80014560                tzset
 .text          0x80014588      0x6e0 /usr/lib/gcc/mips64-elf/14.2.0/../../../../mips64-elf/lib/libc.a(libc_a-tzset_r.o)
                0x80014588                _tzset_unlocked_r
                0x80014c38                _tzset_r
 .text          0x80014c68      0x120 /usr/lib/gcc/mips64-elf/14.2.0/../../../../mips64-elf/lib/libc.a(libc_a-locale.o)
                0x80014c68                _setlocale_r
                0x80014cf0                __locale_mb_cur_max
                0x80014d00                setlocale
 .text          0x80014d88       0x28 /usr/lib/gcc/mips64-elf/14.2.0/../../../../mips64-elf/lib/libc.a(libc_a-localeconv.o)
                0x80014d88                __localeconv_l
                0x80014d90                _localeconv_r
                0x80014da0                localeconv
 .text          0x80014db0       0x50 /usr/lib/gcc/mips64-elf/14.2.0/../../../../mips64-elf/lib/libc.a(libc_a-closer.o)
                0x80014db0                _close_r
 .text          0x80014e00       0x58 /usr/lib/gcc/mips64-elf/14.2.0/../../../../mips64-elf/lib/libc.a(libc_a-fstatr.o)
                0x80014e00                _fstat_r
 .text          0x80014e58       0x58 /usr/lib/gcc/mips64-elf/14.2.0/../../../../mips64-elf/lib/libc.a(libc_a-gettimeofdayr.o)
                0x80014e58                _gettimeofday_r
 .text          0x80014eb0       0x60 /usr/lib/gcc/mips64-elf/14.2.0/../../../../mips64-elf/lib/libc.a(libc_a-lseekr.o)
                0x80014eb0                _lseek_r
 .text          0x80014f10       0x60 /usr/lib/gcc/mips64-elf/14.2.0/../../../../mips64-elf/lib/libc.a(libc_a-openr.o)
                0x80014f10                _open_r
 .text          0x80014f70       0x60 /usr/lib/gcc/mips64-elf/14.2.0/../../../../mips64-elf/lib/libc.a(libc_a-readr.o)
                0x80014f70                _read_r
 .text          0x80014fd0       0x50 /usr/lib/gcc/mips64-elf/14.2.0/../../../../mips64-elf/lib/libc.a(libc_a-renamer.o)
                0x80014fd0                _rename_r
 .text          0x80015020       0x60 /usr/lib/gcc/mips64-elf/14.2.0/../../../../mips64-elf/lib/libc.a(libc_a-signalr.o)
                0x80015020                _kill_r
                0x80015078                _getpid_r
 .text          0x80015080       0x50 /usr/lib/gcc/mips64-elf/14.2.0/../../../../mips64-elf/lib/libc.a(libc_a-sbrkr.o)
                0x80015080                _sbrk_r
 .text          0x800150d0        0x8 /usr/lib/gcc/mips64-elf/14.2.0/../../../../mips64-elf/lib/libc.a(libc_a-timesr.o)
                0x800150d0                _times_r
 .text          0x800150d8       0x50 /usr/lib/gcc/mips64-elf/14.2.0/../../../../mips64-elf/lib/libc.a(libc_a-unlinkr.o)
                0x800150d8                _unlink_r
 .text          0x80015128       0x60 /usr/lib/gcc/mips64-elf/14.2.0/../../../../mips64-elf/lib/libc.a(libc_a-writer.o)
                0x80015128                _write_r
 .text          0x80015188        0x8 /usr/lib/gcc/mips64-elf/14.2.0/../../../../mips64-elf/lib/libc.a(libc_a-errno.o)
                0x80015188                __errno
 .text          0x80015190       0x50 /usr/lib/gcc/mips64-elf/14.2.0/../../../../mips64-elf/lib/libc.a(libc_a-lock.o)
                0x80015190                __retarget_lock_init
                0x80015198                __retarget_lock_init_recursive
                0x800151a0                __retarget_lock_close
                0x800151a8                __retarget_lock_close_recursive
                0x800151b0                __retarget_lock_acquire
                0x800151b8                __retarget_lock_acquire_recursive
                0x800151c0                __retarget_lock_try_acquire
                0x800151c8                __retarget_lock_try_acquire_recursive
                0x800151d0                __retarget_lock_release
                0x800151d8                __retarget_lock_release_recursive
 .text          0x800151e0       0xc8 /usr/lib/gcc/mips64-elf/14.2.0/../../../../mips64-elf/lib/libc.a(libc_a-setjmp.o)
                0x800151e0                setjmp
                0x80015240                longjmp
 .text          0x800152a8       0x18 /usr/lib/gcc/mips64-elf/14.2.0/../../../../mips64-elf/lib/libc.a(libc_a-strlen.o)
                0x800152a8                strlen
 .text          0x800152c0      0x240 /usr/lib/gcc/mips64-elf/14.2.0/../../../../mips64-elf/lib/libc.a(libc_a-strcmp.o)
                0x800152c0                strcmp
 .text          0x80015500      0x220 /usr/lib/gcc/mips64-elf/14.2.0/../../../../mips64-elf/lib/libc.a(libc_a-strncpy.o)
                0x80015500                strncpy
 .text          0x80015720      0x11c /usr/lib/gcc/mips64-elf/14.2.0/../../../../mips64-elf/lib/libc.a(libc_a-memset.o)
                0x80015720                memset
 .text          0x8001583c      0x370 /usr/lib/gcc/mips64-elf/14.2.0/../../../../mips64-elf/lib/libc.a(libc_a-memcpy.o)
                0x8001583c                memcpy
 *fill*         0x80015bac        0x4 
 .text          0x80015bb0        0x8 /usr/lib/gcc/mips64-elf/14.2.0/../../../../mips64-elf/lib/libc.a(libm_a-sf_nan.o)
                0x80015bb0                nanf
 .text          0x80015bb8      0x180 /usr/lib/gcc/mips64-elf/14.2.0/../../../../mips64-elf/lib/libc.a(libc_a-__call_atexit.o)
                0x80015bb8                __call_exitprocs
 .text          0x80015d38       0x10 /usr/lib/gcc/mips64-elf/14.2.0/../../../../mips64-elf/lib/libc.a(libc_a-abs.o)
                0x80015d38                abs
 .text          0x80015d48       0x20 /usr/lib/gcc/mips64-elf/14.2.0/../../../../mips64-elf/lib/libc.a(libc_a-div.o)
                0x80015d48                div
 .text          0x80015d68     0x1840 /usr/lib/gcc/mips64-elf/14.2.0/../../../../mips64-elf/lib/libc.a(libc_a-dtoa.o)
                0x80015fc0                _dtoa_r
 .text          0x800175a8       0x20 /usr/lib/gcc/mips64-elf/14.2.0/../../../../mips64-elf/lib/libc.a(libc_a-envlock.o)
                0x800175a8                __env_lock
                0x800175b8                __env_unlock
 .text          0x800175c8      0x470 /usr/lib/gcc/mips64-elf/14.2.0/../../../../mips64-elf/lib/libc.a(libc_a-freer.o)
                0x800175c8                _malloc_trim_r
                0x80017708                _free_r
 .text          0x80017a38      0xb30 /usr/lib/gcc/mips64-elf/14.2.0/../../../../mips64-elf/lib/libc.a(libc_a-gdtoa-gethex.o)
                0x80017b40                __gethex
 .text          0x80018568      0x500 /usr/lib/gcc/mips64-elf/14.2.0/../../../../mips64-elf/lib/libc.a(libc_a-gdtoa-hexnan.o)
                0x80018568                __match
                0x800185b8                __hexnan
 .text          0x80018a68       0x10 /usr/lib/gcc/mips64-elf/14.2.0/../../../../mips64-elf/lib/libc.a(libc_a-labs.o)
                0x80018a68                labs
 .text          0x80018a78       0x70 /usr/lib/gcc/mips64-elf/14.2.0/../../../../mips64-elf/lib/libc.a(libc_a-mbtowc_r.o)
                0x80018a78                _mbtowc_r
                0x80018a88                __ascii_mbtowc
 .text          0x80018ae8     0x1480 /usr/lib/gcc/mips64-elf/14.2.0/../../../../mips64-elf/lib/libc.a(libc_a-mprec.o)
                0x80018ae8                _Balloc
                0x80018b98                _Bfree
                0x80018bc8                __multadd
                0x80018d20                __s2b
                0x80018ea0                __hi0bits
                0x80018f48                __lo0bits
                0x80019060                __i2b
                0x80019138                __multiply
                0x800193c0                __pow5mult
                0x80019528                __lshift
                0x800196e0                __mcmp
                0x80019748                __mdiff
                0x800199c0                __ulp
                0x80019a70                __b2d
                0x80019c08                __d2b
                0x80019d60                __ratio
                0x80019e20                _mprec_log10
                0x80019e60                __copybits
                0x80019ee8                __any_on
 .text          0x80019f68      0x250 /usr/lib/gcc/mips64-elf/14.2.0/../../../../mips64-elf/lib/libc.a(libc_a-strtoul.o)
                0x8001a180                _strtoul_r
                0x8001a188                strtoul_l
                0x8001a1a0                strtoul
 .text          0x8001a1b8       0x48 /usr/lib/gcc/mips64-elf/14.2.0/../../../../mips64-elf/lib/libc.a(libc_a-wctomb_r.o)
                0x8001a1b8                _wctomb_r
                0x8001a1c8                __ascii_wctomb
 .text          0x8001a200      0x108 /usr/lib/gcc/mips64-elf/14.2.0/../../../../mips64-elf/lib/libc.a(libc_a-siscanf.o)
                0x8001a200                siscanf
                0x8001a280                _siscanf_r
 .text          0x8001a308      0x1c8 /usr/lib/gcc/mips64-elf/14.2.0/../../../../mips64-elf/lib/libc.a(libc_a-sniprintf.o)
                0x8001a308                _sniprintf_r
                0x8001a3e8                sniprintf
 .text          0x8001a4d0     0x13e0 /usr/lib/gcc/mips64-elf/14.2.0/../../../../mips64-elf/lib/libc.a(libc_a-svfiprintf.o)
                0x8001a4d0                _svfiprintf_r
 .text          0x8001b8b0     0x22b0 /usr/lib/gcc/mips64-elf/14.2.0/../../../../mips64-elf/lib/libc.a(libc_a-svfiscanf.o)
                0x8001b8b0                _sungetc_r
                0x8001b9d0                __ssrefill_r
                0x8001ba48                _sfread_r
                0x8001bbe0                __ssvfiscanf_r
 .text          0x8001db60     0x3008 /usr/lib/gcc/mips64-elf/14.2.0/../../../../mips64-elf/lib/libc.a(libc_a-svfprintf.o)
                0x8001db60                _svfprintf_r
 .text          0x80020b68       0xc8 /usr/lib/gcc/mips64-elf/14.2.0/../../../../mips64-elf/lib/libc.a(libc_a-ssprint_r.o)
                0x80020b68                __ssprint_r
 .text          0x80020c30      0x230 /usr/lib/gcc/mips64-elf/14.2.0/../../../../mips64-elf/lib/libc.a(libc_a-makebuf.o)
                0x80020c30                __smakebuf_r
                0x80020db0                __swhatbuf_r
 .text          0x80020e60      0x100 /usr/lib/gcc/mips64-elf/14.2.0/../../../../mips64-elf/lib/libc.a(libc_a-sccl.o)
                0x80020e60                __sccl
 .text          0x80020f60       0x40 /usr/lib/gcc/mips64-elf/14.2.0/../../../../mips64-elf/lib/libc.a(libc_a-strnlen.o)
                0x80020f60                strnlen
 .text          0x80020fa0       0x10 /usr/lib/gcc/mips64-elf/14.2.0/../../../../mips64-elf/lib/libc.a(libc_a-gettzinfo.o)
                0x80020fa0                __gettzinfo
 .text          0x80020fb0       0x50 /usr/lib/gcc/mips64-elf/14.2.0/../../../../mips64-elf/lib/libc.a(libc_a-isattyr.o)
                0x80020fb0                _isatty_r
 .text          0x80021000       0x58 /usr/lib/gcc/mips64-elf/14.2.0/../../../../mips64-elf/lib/libc.a(libc_a-linkr.o)
                0x80021000                _link_r
 .text          0x80021058      0x278 /usr/lib/gcc/mips64-elf/14.2.0/../../../../mips64-elf/lib/libc.a(libc_a-strtol.o)
                0x80021298                _strtol_r
                0x800212a0                strtol_l
                0x800212b8                strtol
 .text          0x800212d0      0x258 /usr/lib/gcc/mips64-elf/14.2.0/../../../../mips64-elf/lib/libc.a(libc_a-strtoll.o)
                0x800214f0                _strtoll_r
                0x800214f8                strtoll_l
                0x80021510                strtoll
 .text          0x80021528      0x270 /usr/lib/gcc/mips64-elf/14.2.0/../../../../mips64-elf/lib/libc.a(libc_a-strtoull.o)
                0x80021760                _strtoull_r
                0x80021768                strtoull_l
                0x80021780                strtoull
 .text          0x80021798      0x128 /usr/lib/gcc/mips64-elf/14.2.0/../../../../mips64-elf/lib/libc.a(libc_a-mbrtowc.o)
                0x80021798                _mbrtowc_r
                0x80021828                mbrtowc
 .text          0x800218c0        0x8 /usr/lib/gcc/mips64-elf/14.2.0/../../../../mips64-elf/lib/libc.a(libc_a-iswspace.o)
                0x800218c0                iswspace
 .text          0x800218c8       0x28 /usr/lib/gcc/mips64-elf/14.2.0/../../../../mips64-elf/lib/libc.a(libc_a-iswspace_l.o)
                0x800218c8                iswspace_l
 .text          0x800218f0      0x188 /usr/lib/gcc/mips64-elf/14.2.0/../../../../mips64-elf/lib/libc.a(libc_a-ssputs_r.o)
                0x800218f0                __ssputs_r
 *(.text.*)
 *fill*         0x80021a78        0x8 
 .text.l_get_button
                0x80021a80      0x160 build/src/main.o
                0x80021a80                l_get_button
 .text.l_draw_sprite
                0x80021be0       0xa0 build/src/main.o
                0x80021be0                l_draw_sprite
 .text.l_get_analog
                0x80021c80       0x60 build/src/main.o
                0x80021c80                l_get_analog
 .text.l_draw_text
                0x80021ce0       0x80 build/src/main.o
                0x80021ce0                l_draw_text
 .text.l_clear_screen
                0x80021d60       0xa0 build/src/main.o
                0x80021d60                l_clear_screen
 .text.l_sleep  0x80021e00       0x40 build/src/main.o
                0x80021e00                l_sleep
 .text.l_begin_frame
                0x80021e40       0x40 build/src/main.o
                0x80021e40                l_begin_frame
 .text.l_end_frame
                0x80021e80       0x40 build/src/main.o
                0x80021e80                l_end_frame
 .text.l_get_time_ms
                0x80021ec0       0x60 build/src/main.o
                0x80021ec0                l_get_time_ms
 .text.draw_loading_screen
                0x80021f20       0xe0 build/src/main.o
                0x80021f20                draw_loading_screen
 .text.startup.main
                0x80022000      0x3e0 build/src/main.o
                0x80022000                main
 .text.index2value
                0x800223e0       0xa0 build/src/lua/lapi.o
 .text.auxgetstr
                0x80022480       0xe0 build/src/lua/lapi.o
 .text.auxsetstr
                0x80022560      0x120 build/src/lua/lapi.o
 .text.f_call   0x80022680       0x20 build/src/lua/lapi.o
 .text.lua_checkstack
                0x800226a0       0xa0 build/src/lua/lapi.o
                0x800226a0                lua_checkstack
 .text.lua_xmove
                0x80022740       0x80 build/src/lua/lapi.o
                0x80022740                lua_xmove
 .text.lua_atpanic
                0x800227c0       0x20 build/src/lua/lapi.o
                0x800227c0                lua_atpanic
 .text.lua_version
                0x800227e0       0x20 build/src/lua/lapi.o
                0x800227e0                lua_version
 .text.lua_absindex
                0x80022800       0x40 build/src/lua/lapi.o
                0x80022800                lua_absindex
 .text.lua_gettop
                0x80022840       0x20 build/src/lua/lapi.o
                0x80022840                lua_gettop
 .text.lua_settop
                0x80022860      0x100 build/src/lua/lapi.o
                0x80022860                lua_settop
 .text.lua_closeslot
                0x80022960       0x60 build/src/lua/lapi.o
                0x80022960                lua_closeslot
 .text.lua_rotate
                0x800229c0      0x120 build/src/lua/lapi.o
                0x800229c0                lua_rotate
 .text.lua_copy
                0x80022ae0      0x200 build/src/lua/lapi.o
                0x80022ae0                lua_copy
 .text.lua_pushvalue
                0x80022ce0       0xe0 build/src/lua/lapi.o
                0x80022ce0                lua_pushvalue
 .text.lua_type
                0x80022dc0       0xe0 build/src/lua/lapi.o
                0x80022dc0                lua_type
 .text.lua_typename
                0x80022ea0       0x20 build/src/lua/lapi.o
                0x80022ea0                lua_typename
 .text.lua_iscfunction
                0x80022ec0       0xe0 build/src/lua/lapi.o
                0x80022ec0                lua_iscfunction
 .text.lua_isinteger
                0x80022fa0       0xc0 build/src/lua/lapi.o
                0x80022fa0                lua_isinteger
 .text.lua_isnumber
                0x80023060       0xe0 build/src/lua/lapi.o
                0x80023060                lua_isnumber
 .text.lua_isstring
                0x80023140       0xc0 build/src/lua/lapi.o
                0x80023140                lua_isstring
 .text.lua_rawequal
                0x80023200      0x160 build/src/lua/lapi.o
                0x80023200                lua_rawequal
 .text.lua_arith
                0x80023360       0x80 build/src/lua/lapi.o
                0x80023360                lua_arith
 .text.lua_compare
                0x800233e0      0x1a0 build/src/lua/lapi.o
                0x800233e0                lua_compare
 .text.lua_numbertocstring
                0x80023580      0x120 build/src/lua/lapi.o
                0x80023580                lua_numbertocstring
 .text.lua_stringtonumber
                0x800236a0       0x60 build/src/lua/lapi.o
                0x800236a0                lua_stringtonumber
 .text.lua_tonumberx
                0x80023700      0x120 build/src/lua/lapi.o
                0x80023700                lua_tonumberx
 .text.lua_tointegerx
                0x80023820      0x120 build/src/lua/lapi.o
                0x80023820                lua_tointegerx
 .text.lua_toboolean
                0x80023940       0xe0 build/src/lua/lapi.o
                0x80023940                lua_toboolean
 .text.lua_tolstring
                0x80023a20      0x1a0 build/src/lua/lapi.o
                0x80023a20                lua_tolstring
 .text.lua_rawlen
                0x80023bc0      0x120 build/src/lua/lapi.o
                0x80023bc0                lua_rawlen
 .text.lua_touserdata
                0x80023ce0       0xe0 build/src/lua/lapi.o
                0x80023ce0                lua_touserdata
 .text.lua_tothread
                0x80023dc0       0xc0 build/src/lua/lapi.o
                0x80023dc0                lua_tothread
 .text.lua_topointer
                0x80023e80      0x120 build/src/lua/lapi.o
                0x80023e80                lua_topointer
 .text.lua_pushnil
                0x80023fa0       0x20 build/src/lua/lapi.o
                0x80023fa0                lua_pushnil
 .text.lua_pushnumber
                0x80023fc0       0x20 build/src/lua/lapi.o
                0x80023fc0                lua_pushnumber
 .text.lua_pushinteger
                0x80023fe0       0x20 build/src/lua/lapi.o
                0x80023fe0                lua_pushinteger
 .text.lua_pushlstring
                0x80024000       0xe0 build/src/lua/lapi.o
                0x80024000                lua_pushlstring
 .text.lua_pushexternalstring
                0x800240e0       0xa0 build/src/lua/lapi.o
                0x800240e0                lua_pushexternalstring
 .text.lua_pushstring
                0x80024180       0xc0 build/src/lua/lapi.o
                0x80024180                lua_pushstring
 .text.lua_pushvfstring
                0x80024240       0x60 build/src/lua/lapi.o
                0x80024240                lua_pushvfstring
 .text.lua_pushfstring
                0x800242a0       0x80 build/src/lua/lapi.o
                0x800242a0                lua_pushfstring
 .text.lua_pushcclosure
                0x80024320       0xe0 build/src/lua/lapi.o
                0x80024320                lua_pushcclosure
 .text.lua_pushboolean
                0x80024400       0x20 build/src/lua/lapi.o
                0x80024400                lua_pushboolean
 .text.lua_pushlightuserdata
                0x80024420       0x20 build/src/lua/lapi.o
                0x80024420                lua_pushlightuserdata
 .text.lua_pushthread
                0x80024440       0x40 build/src/lua/lapi.o
                0x80024440                lua_pushthread
 .text.lua_gettable
                0x80024480      0x140 build/src/lua/lapi.o
                0x80024480                lua_gettable
 .text.lua_getfield
                0x800245c0       0xc0 build/src/lua/lapi.o
                0x800245c0                lua_getfield
 .text.lua_geti
                0x80024680      0x120 build/src/lua/lapi.o
                0x80024680                lua_geti
 .text.lua_rawget
                0x800247a0       0xe0 build/src/lua/lapi.o
                0x800247a0                lua_rawget
 .text.lua_rawgeti
                0x80024880      0x180 build/src/lua/lapi.o
                0x80024880                lua_rawgeti
 .text.lua_createtable
                0x80024a00       0xa0 build/src/lua/lapi.o
                0x80024a00                lua_createtable
 .text.lua_getmetatable
                0x80024aa0      0x140 build/src/lua/lapi.o
                0x80024aa0                lua_getmetatable
 .text.lua_getiuservalue
                0x80024be0      0x100 build/src/lua/lapi.o
                0x80024be0                lua_getiuservalue
 .text.lua_setglobal
                0x80024ce0       0xa0 build/src/lua/lapi.o
                0x80024ce0                lua_setglobal
 .text.lua_setfield
                0x80024d80       0xc0 build/src/lua/lapi.o
                0x80024d80                lua_setfield
 .text.lua_seti
                0x80024e40      0x1a0 build/src/lua/lapi.o
                0x80024e40                lua_seti
 .text.lua_rawset
                0x80024fe0       0xa0 build/src/lua/lapi.o
                0x80024fe0                lua_rawset
 .text.lua_rawseti
                0x80025080       0xa0 build/src/lua/lapi.o
                0x80025080                lua_rawseti
 .text.lua_setmetatable
                0x80025120      0x160 build/src/lua/lapi.o
                0x80025120                lua_setmetatable
 .text.lua_setiuservalue
                0x80025280      0x160 build/src/lua/lapi.o
                0x80025280                lua_setiuservalue
 .text.lua_callk
                0x800253e0       0xc0 build/src/lua/lapi.o
                0x800253e0                lua_callk
 .text.lua_pcallk
                0x800254a0      0x180 build/src/lua/lapi.o
                0x800254a0                lua_pcallk
 .text.lua_load
                0x80025620      0x160 build/src/lua/lapi.o
                0x80025620                lua_load
 .text.lua_dump
                0x80025780       0x60 build/src/lua/lapi.o
                0x80025780                lua_dump
 .text.lua_status
                0x800257e0       0x20 build/src/lua/lapi.o
                0x800257e0                lua_status
 .text.lua_gc   0x80025800      0x240 build/src/lua/lapi.o
                0x80025800                lua_gc
 .text.lua_error
                0x80025a40       0x40 build/src/lua/lapi.o
                0x80025a40                lua_error
 .text.lua_next
                0x80025a80       0xe0 build/src/lua/lapi.o
                0x80025a80                lua_next
 .text.lua_toclose
                0x80025b60       0xa0 build/src/lua/lapi.o
                0x80025b60                lua_toclose
 .text.lua_concat
                0x80025c00       0xa0 build/src/lua/lapi.o
                0x80025c00                lua_concat
 .text.lua_len  0x80025ca0      0x100 build/src/lua/lapi.o
                0x80025ca0                lua_len
 .text.lua_getallocf
                0x80025da0       0x20 build/src/lua/lapi.o
                0x80025da0                lua_getallocf
 .text.lua_setwarnf
                0x80025dc0       0x20 build/src/lua/lapi.o
                0x80025dc0                lua_setwarnf
 .text.lua_warning
                0x80025de0       0x20 build/src/lua/lapi.o
                0x80025de0                lua_warning
 .text.lua_newuserdatauv
                0x80025e00       0x80 build/src/lua/lapi.o
                0x80025e00                lua_newuserdatauv
 .text.lua_getupvalue
                0x80025e80      0x1a0 build/src/lua/lapi.o
                0x80025e80                lua_getupvalue
 .text.lua_setupvalue
                0x80026020      0x140 build/src/lua/lapi.o
                0x80026020                lua_setupvalue
 .text.lua_upvalueid
                0x80026160      0x160 build/src/lua/lapi.o
                0x80026160                lua_upvalueid
 .text.lua_upvaluejoin
                0x800262c0       0xe0 build/src/lua/lapi.o
                0x800262c0                lua_upvaluejoin
 .text.getS     0x800263a0       0x40 build/src/lua/lauxlib.o
 .text.findfield
                0x800263e0      0x140 build/src/lua/lauxlib.o
 .text.resizebox
                0x80026520      0x100 build/src/lua/lauxlib.o
 .text.boxgc    0x80026620       0x40 build/src/lua/lauxlib.o
 .text.getF     0x80026660       0xa0 build/src/lua/lauxlib.o
 .text.luaL_alloc
                0x80026700       0x40 build/src/lua/lauxlib.o
                0x80026700                luaL_alloc
 .text.luai_makeseed
                0x80026740       0x60 build/src/lua/lauxlib.o
 .text.panic    0x800267a0       0xc0 build/src/lua/lauxlib.o
 .text.skipcomment
                0x80026860      0x100 build/src/lua/lauxlib.o
 .text.warnfcont
                0x80026960       0xc0 build/src/lua/lauxlib.o
 .text.warnfon  0x80026a20      0x120 build/src/lua/lauxlib.o
 .text.luaL_getmetafield.part.0
                0x80026b40       0xa0 build/src/lua/lauxlib.o
 .text.errfile.isra.0
                0x80026be0      0x100 build/src/lua/lauxlib.o
 .text.warnfoff
                0x80026ce0       0xe0 build/src/lua/lauxlib.o
 .text.luaL_where
                0x80026dc0       0xc0 build/src/lua/lauxlib.o
                0x80026dc0                luaL_where
 .text.luaL_error
                0x80026e80       0x80 build/src/lua/lauxlib.o
                0x80026e80                luaL_error
 .text.pushglobalfuncname
                0x80026f00      0x180 build/src/lua/lauxlib.o
 .text.luaL_argerror
                0x80027080      0x1a0 build/src/lua/lauxlib.o
                0x80027080                luaL_argerror
 .text.luaL_typeerror
                0x80027220      0x140 build/src/lua/lauxlib.o
                0x80027220                luaL_typeerror
 .text.luaL_fileresult
                0x80027360       0xe0 build/src/lua/lauxlib.o
                0x80027360                luaL_fileresult
 .text.luaL_execresult
                0x80027440      0x120 build/src/lua/lauxlib.o
                0x80027440                luaL_execresult
 .text.luaL_newmetatable
                0x80027560       0xc0 build/src/lua/lauxlib.o
                0x80027560                luaL_newmetatable
 .text.luaL_setmetatable
                0x80027620       0x40 build/src/lua/lauxlib.o
                0x80027620                luaL_setmetatable
 .text.luaL_testudata
                0x80027660       0xc0 build/src/lua/lauxlib.o
                0x80027660                luaL_testudata
 .text.luaL_checkudata
                0x80027720       0x80 build/src/lua/lauxlib.o
                0x80027720                luaL_checkudata
 .text.luaL_checkoption
                0x800277a0      0x120 build/src/lua/lauxlib.o
                0x800277a0                luaL_checkoption
 .text.luaL_checkstack
                0x800278c0       0x80 build/src/lua/lauxlib.o
                0x800278c0                luaL_checkstack
 .text.luaL_checktype
                0x80027940       0x80 build/src/lua/lauxlib.o
                0x80027940                luaL_checktype
 .text.luaL_checkany
                0x800279c0       0x60 build/src/lua/lauxlib.o
                0x800279c0                luaL_checkany
 .text.luaL_checklstring
                0x80027a20       0x80 build/src/lua/lauxlib.o
                0x80027a20                luaL_checklstring
 .text.luaL_optlstring
                0x80027aa0       0xc0 build/src/lua/lauxlib.o
                0x80027aa0                luaL_optlstring
 .text.luaL_checknumber
                0x80027b60       0x80 build/src/lua/lauxlib.o
                0x80027b60                luaL_checknumber
 .text.luaL_optnumber
                0x80027be0       0xa0 build/src/lua/lauxlib.o
                0x80027be0                luaL_optnumber
 .text.luaL_checkinteger
                0x80027c80       0xc0 build/src/lua/lauxlib.o
                0x80027c80                luaL_checkinteger
 .text.luaL_optinteger
                0x80027d40       0x80 build/src/lua/lauxlib.o
                0x80027d40                luaL_optinteger
 .text.luaL_pushresult
                0x80027dc0      0x140 build/src/lua/lauxlib.o
                0x80027dc0                luaL_pushresult
 .text.luaL_pushresultsize
                0x80027f00       0x20 build/src/lua/lauxlib.o
                0x80027f00                luaL_pushresultsize
 .text.luaL_buffinit
                0x80027f20       0x20 build/src/lua/lauxlib.o
                0x80027f20                luaL_buffinit
 .text.luaL_loadfilex
                0x80027f40      0x2e0 build/src/lua/lauxlib.o
                0x80027f40                luaL_loadfilex
 .text.luaL_loadbufferx
                0x80028220       0x40 build/src/lua/lauxlib.o
                0x80028220                luaL_loadbufferx
 .text.luaL_getmetafield
                0x80028260       0x60 build/src/lua/lauxlib.o
                0x80028260                luaL_getmetafield
 .text.luaL_callmeta
                0x800282c0       0xc0 build/src/lua/lauxlib.o
                0x800282c0                luaL_callmeta
 .text.luaL_len
                0x80028380       0xa0 build/src/lua/lauxlib.o
                0x80028380                luaL_len
 .text.luaL_tolstring
                0x80028420      0x320 build/src/lua/lauxlib.o
                0x80028420                luaL_tolstring
 .text.luaL_setfuncs
                0x80028740      0x120 build/src/lua/lauxlib.o
                0x80028740                luaL_setfuncs
 .text.prepbuffsize
                0x80028860      0x1c0 build/src/lua/lauxlib.o
 .text.luaL_prepbuffsize
                0x80028a20       0x20 build/src/lua/lauxlib.o
                0x80028a20                luaL_prepbuffsize
 .text.luaL_addstring
                0x80028a40       0xa0 build/src/lua/lauxlib.o
                0x80028a40                luaL_addstring
 .text.luaL_addvalue
                0x80028ae0       0xa0 build/src/lua/lauxlib.o
                0x80028ae0                luaL_addvalue
 .text.luaL_buffinitsize
                0x80028b80       0x60 build/src/lua/lauxlib.o
                0x80028b80                luaL_buffinitsize
 .text.luaL_addlstring
                0x80028be0       0x80 build/src/lua/lauxlib.o
                0x80028be0                luaL_addlstring
 .text.luaL_traceback
                0x80028c60      0x4a0 build/src/lua/lauxlib.o
                0x80028c60                luaL_traceback
 .text.luaL_getsubtable
                0x80029100       0xa0 build/src/lua/lauxlib.o
                0x80029100                luaL_getsubtable
 .text.luaL_requiref
                0x800291a0      0x160 build/src/lua/lauxlib.o
                0x800291a0                luaL_requiref
 .text.luaL_addgsub
                0x80029300      0x180 build/src/lua/lauxlib.o
                0x80029300                luaL_addgsub
 .text.luaL_gsub
                0x80029480       0xc0 build/src/lua/lauxlib.o
                0x80029480                luaL_gsub
 .text.luaL_makeseed
                0x80029540       0x20 build/src/lua/lauxlib.o
                0x80029540                luaL_makeseed
 .text.luaL_newstate
                0x80029560       0x80 build/src/lua/lauxlib.o
                0x80029560                luaL_newstate
 .text.luaL_checkversion_
                0x800295e0       0xa0 build/src/lua/lauxlib.o
                0x800295e0                luaL_checkversion_
 .text.pairscont
                0x80029680       0x20 build/src/lua/lbaselib.o
 .text.dofilecont
                0x800296a0       0x20 build/src/lua/lbaselib.o
 .text.luaB_type
                0x800296c0       0xa0 build/src/lua/lbaselib.o
 .text.luaB_tostring
                0x80029760       0x40 build/src/lua/lbaselib.o
 .text.luaB_select
                0x800297a0      0x100 build/src/lua/lbaselib.o
 .text.luaB_setmetatable
                0x800298a0       0xe0 build/src/lua/lbaselib.o
 .text.luaB_rawset
                0x80029980       0x60 build/src/lua/lbaselib.o
 .text.luaB_rawget
                0x800299e0       0x60 build/src/lua/lbaselib.o
 .text.luaB_rawlen
                0x80029a40       0xa0 build/src/lua/lbaselib.o
 .text.luaB_rawequal
                0x80029ae0       0x60 build/src/lua/lbaselib.o
 .text.luaB_warn
                0x80029b40       0xe0 build/src/lua/lbaselib.o
 .text.luaB_print
                0x80029c20      0x120 build/src/lua/lbaselib.o
 .text.luaB_ipairs
                0x80029d40       0x60 build/src/lua/lbaselib.o
 .text.luaB_next
                0x80029da0       0x60 build/src/lua/lbaselib.o
 .text.generic_reader
                0x80029e00      0x100 build/src/lua/lbaselib.o
 .text.ipairsaux
                0x80029f00       0x60 build/src/lua/lbaselib.o
 .text.luaB_error
                0x80029f60       0xc0 build/src/lua/lbaselib.o
 .text.luaB_dofile
                0x8002a020       0xa0 build/src/lua/lbaselib.o
 .text.finishpcall
                0x8002a0c0       0x80 build/src/lua/lbaselib.o
 .text.luaB_pairs
                0x8002a140       0xc0 build/src/lua/lbaselib.o
 .text.load_aux
                0x8002a200       0xa0 build/src/lua/lbaselib.o
 .text.luaB_load
                0x8002a2a0      0x180 build/src/lua/lbaselib.o
 .text.luaB_getmetatable
                0x8002a420       0x80 build/src/lua/lbaselib.o
 .text.luaB_assert
                0x8002a4a0       0xa0 build/src/lua/lbaselib.o
 .text.luaB_tonumber
                0x8002a540      0x2a0 build/src/lua/lbaselib.o
 .text.luaB_collectgarbage
                0x8002a7e0      0x260 build/src/lua/lbaselib.o
 .text.luaB_loadfile
                0x8002aa40      0x100 build/src/lua/lbaselib.o
 .text.luaB_pcall
                0x8002ab40       0xc0 build/src/lua/lbaselib.o
 .text.luaB_xpcall
                0x8002ac00       0xe0 build/src/lua/lbaselib.o
 .text.luaopen_base
                0x8002ace0       0xa0 build/src/lua/lbaselib.o
                0x8002ace0                luaopen_base
 .text.savelineinfo
                0x8002ad80      0x140 build/src/lua/lcode.o
 .text.addk     0x8002aec0      0x140 build/src/lua/lcode.o
 .text.k2proto  0x8002b000      0x100 build/src/lua/lcode.o
 .text.isSCnumber
                0x8002b100      0x100 build/src/lua/lcode.o
 .text.luaK_numberK
                0x8002b200      0x140 build/src/lua/lcode.o
 .text.luaK_exp2K
                0x8002b340      0x220 build/src/lua/lcode.o
 .text.need_value
                0x8002b560       0xa0 build/src/lua/lcode.o
 .text.removevalues
                0x8002b600       0xc0 build/src/lua/lcode.o
 .text.freeregs
                0x8002b6c0       0xe0 build/src/lua/lcode.o
 .text.constfolding
                0x8002b7a0      0x2c0 build/src/lua/lcode.o
 .text.patchlistaux
                0x8002ba60      0x1a0 build/src/lua/lcode.o
 .text.luaK_semerror
                0x8002bc00       0x60 build/src/lua/lcode.o
                0x8002bc00                luaK_semerror
 .text.luaK_exp2const
                0x8002bc60      0x120 build/src/lua/lcode.o
                0x8002bc60                luaK_exp2const
 .text.luaK_concat
                0x8002bd80       0xc0 build/src/lua/lcode.o
                0x8002bd80                luaK_concat
 .text.luaK_getlabel
                0x8002be40       0x20 build/src/lua/lcode.o
                0x8002be40                luaK_getlabel
 .text.luaK_patchlist
                0x8002be60       0x20 build/src/lua/lcode.o
                0x8002be60                luaK_patchlist
 .text.luaK_patchtohere
                0x8002be80       0x40 build/src/lua/lcode.o
                0x8002be80                luaK_patchtohere
 .text.luaK_code
                0x8002bec0       0xc0 build/src/lua/lcode.o
                0x8002bec0                luaK_code
 .text.luaK_jump
                0x8002bf80       0x20 build/src/lua/lcode.o
                0x8002bf80                luaK_jump
 .text.luaK_nil
                0x8002bfa0      0x100 build/src/lua/lcode.o
                0x8002bfa0                luaK_nil
 .text.luaK_ret
                0x8002c0a0       0xa0 build/src/lua/lcode.o
                0x8002c0a0                luaK_ret
 .text.luaK_codek.isra.0
                0x8002c140       0x80 build/src/lua/lcode.o
 .text.luaK_codeABCk
                0x8002c1c0       0x40 build/src/lua/lcode.o
                0x8002c1c0                luaK_codeABCk
 .text.luaK_codevABCk
                0x8002c200       0x40 build/src/lua/lcode.o
                0x8002c200                luaK_codevABCk
 .text.luaK_codeABx
                0x8002c240       0x20 build/src/lua/lcode.o
                0x8002c240                luaK_codeABx
 .text.luaK_checkstack
                0x8002c260       0x80 build/src/lua/lcode.o
                0x8002c260                luaK_checkstack
 .text.luaK_reserveregs
                0x8002c2e0       0xa0 build/src/lua/lcode.o
                0x8002c2e0                luaK_reserveregs
 .text.luaK_int
                0x8002c380       0xa0 build/src/lua/lcode.o
                0x8002c380                luaK_int
 .text.luaK_setreturns
                0x8002c420      0x120 build/src/lua/lcode.o
                0x8002c420                luaK_setreturns
 .text.luaK_setoneret
                0x8002c540       0xa0 build/src/lua/lcode.o
                0x8002c540                luaK_setoneret
 .text.luaK_vapar2local
                0x8002c5e0       0x20 build/src/lua/lcode.o
                0x8002c5e0                luaK_vapar2local
 .text.luaK_dischargevars
                0x8002c600      0x2c0 build/src/lua/lcode.o
                0x8002c600                luaK_dischargevars
 .text.discharge2reg
                0x8002c8c0      0x260 build/src/lua/lcode.o
 .text.exp2reg  0x8002cb20      0x1c0 build/src/lua/lcode.o
 .text.jumponcond
                0x8002cce0      0x1e0 build/src/lua/lcode.o
 .text.luaK_exp2nextreg
                0x8002cec0      0x100 build/src/lua/lcode.o
                0x8002cec0                luaK_exp2nextreg
 .text.luaK_exp2anyreg
                0x8002cfc0       0xa0 build/src/lua/lcode.o
                0x8002cfc0                luaK_exp2anyreg
 .text.codeABRK
                0x8002d060       0xa0 build/src/lua/lcode.o
 .text.luaK_exp2anyregup
                0x8002d100       0x40 build/src/lua/lcode.o
                0x8002d100                luaK_exp2anyregup
 .text.luaK_exp2val
                0x8002d140       0x40 build/src/lua/lcode.o
                0x8002d140                luaK_exp2val
 .text.luaK_storevar
                0x8002d180      0x1e0 build/src/lua/lcode.o
                0x8002d180                luaK_storevar
 .text.luaK_goiftrue
                0x8002d360      0x100 build/src/lua/lcode.o
                0x8002d360                luaK_goiftrue
 .text.luaK_self
                0x8002d460      0x1c0 build/src/lua/lcode.o
                0x8002d460                luaK_self
 .text.luaK_indexed
                0x8002d620      0x2e0 build/src/lua/lcode.o
                0x8002d620                luaK_indexed
 .text.luaK_infix
                0x8002d900      0x1e0 build/src/lua/lcode.o
                0x8002d900                luaK_infix
 .text.luaK_fixline
                0x8002dae0       0x80 build/src/lua/lcode.o
                0x8002dae0                luaK_fixline
 .text.luaK_codecheckglobal
                0x8002db60      0x100 build/src/lua/lcode.o
                0x8002db60                luaK_codecheckglobal
 .text.luaK_prefix
                0x8002dc60      0x2e0 build/src/lua/lcode.o
                0x8002dc60                luaK_prefix
 .text.finishbinexpval
                0x8002df40      0x260 build/src/lua/lcode.o
 .text.finishbinexpneg
                0x8002e1a0       0xe0 build/src/lua/lcode.o
 .text.codearith
                0x8002e280      0x140 build/src/lua/lcode.o
 .text.luaK_posfix
                0x8002e3c0      0x960 build/src/lua/lcode.o
                0x8002e3c0                luaK_posfix
 .text.luaK_settablesize
                0x8002ed20       0xc0 build/src/lua/lcode.o
                0x8002ed20                luaK_settablesize
 .text.luaK_setlist
                0x8002ede0       0xc0 build/src/lua/lcode.o
                0x8002ede0                luaK_setlist
 .text.luaK_finish
                0x8002eea0      0x200 build/src/lua/lcode.o
                0x8002eea0                luaK_finish
 .text.luaB_yield
                0x8002f0a0       0x40 build/src/lua/lcorolib.o
 .text.auxresume
                0x8002f0e0      0x120 build/src/lua/lcorolib.o
 .text.luaB_auxwrap
                0x8002f200      0x100 build/src/lua/lcorolib.o
 .text.luaB_corunning
                0x8002f300       0x40 build/src/lua/lcorolib.o
 .text.luaB_cocreate
                0x8002f340       0x60 build/src/lua/lcorolib.o
 .text.auxstatus
                0x8002f3a0       0xa0 build/src/lua/lcorolib.o
 .text.luaB_close
                0x8002f440      0x1a0 build/src/lua/lcorolib.o
 .text.luaB_costatus
                0x8002f5e0       0xa0 build/src/lua/lcorolib.o
 .text.luaB_coresume
                0x8002f680       0xe0 build/src/lua/lcorolib.o
 .text.luaB_yieldable
                0x8002f760       0xa0 build/src/lua/lcorolib.o
 .text.luaB_cowrap
                0x8002f800       0x80 build/src/lua/lcorolib.o
 .text.luaopen_coroutine
                0x8002f880       0x60 build/src/lua/lcorolib.o
                0x8002f880                luaopen_coroutine
 .text.db_getregistry
                0x8002f8e0       0x40 build/src/lua/ldblib.o
 .text.auxupvalue
                0x8002f920       0xc0 build/src/lua/ldblib.o
 .text.db_setupvalue
                0x8002f9e0       0x40 build/src/lua/ldblib.o
 .text.db_getupvalue
                0x8002fa20       0x20 build/src/lua/ldblib.o
 .text.db_setmetatable
                0x8002fa40       0x80 build/src/lua/ldblib.o
 .text.db_setuservalue
                0x8002fac0       0xa0 build/src/lua/ldblib.o
 .text.db_getmetatable
                0x8002fb60       0x60 build/src/lua/ldblib.o
 .text.db_getuservalue
                0x8002fbc0       0xa0 build/src/lua/ldblib.o
 .text.db_debug
                0x8002fc60      0x160 build/src/lua/ldblib.o
 .text.hookf    0x8002fdc0       0xe0 build/src/lua/ldblib.o
 .text.db_upvalueid
                0x8002fea0       0xa0 build/src/lua/ldblib.o
 .text.db_upvaluejoin
                0x8002ff40      0x1c0 build/src/lua/ldblib.o
 .text.db_traceback
                0x80030100      0x120 build/src/lua/ldblib.o
 .text.db_setlocal
                0x80030220      0x1e0 build/src/lua/ldblib.o
 .text.db_gethook
                0x80030400      0x220 build/src/lua/ldblib.o
 .text.db_getlocal
                0x80030620      0x220 build/src/lua/ldblib.o
 .text.db_sethook
                0x80030840      0x240 build/src/lua/ldblib.o
 .text.db_getinfo
                0x80030a80      0x520 build/src/lua/ldblib.o
 .text.luaopen_debug
                0x80030fa0       0x60 build/src/lua/ldblib.o
                0x80030fa0                luaopen_debug
 .text.basicgetobjname
                0x80031000      0x3c0 build/src/lua/ldebug.o
 .text.isEnv    0x800313c0       0xc0 build/src/lua/ldebug.o
 .text.getobjname
                0x80031480      0x220 build/src/lua/ldebug.o
 .text.funcnamefromcall
                0x800316a0      0x1c0 build/src/lua/ldebug.o
 .text.varinfo  0x80031860      0x140 build/src/lua/ldebug.o
 .text.luaG_getfuncline
                0x800319a0       0xe0 build/src/lua/ldebug.o
                0x800319a0                luaG_getfuncline
 .text.lua_sethook
                0x80031a80       0x80 build/src/lua/ldebug.o
                0x80031a80                lua_sethook
 .text.lua_gethook
                0x80031b00       0x20 build/src/lua/ldebug.o
                0x80031b00                lua_gethook
 .text.lua_gethookmask
                0x80031b20       0x20 build/src/lua/ldebug.o
                0x80031b20                lua_gethookmask
 .text.lua_gethookcount
                0x80031b40       0x20 build/src/lua/ldebug.o
                0x80031b40                lua_gethookcount
 .text.lua_getstack
                0x80031b60       0x60 build/src/lua/ldebug.o
                0x80031b60                lua_getstack
 .text.luaG_findlocal
                0x80031bc0      0x180 build/src/lua/ldebug.o
                0x80031bc0                luaG_findlocal
 .text.lua_getlocal
                0x80031d40       0xa0 build/src/lua/ldebug.o
                0x80031d40                lua_getlocal
 .text.lua_setlocal
                0x80031de0       0x60 build/src/lua/ldebug.o
                0x80031de0                lua_setlocal
 .text.lua_getinfo
                0x80031e40      0x4c0 build/src/lua/ldebug.o
                0x80031e40                lua_getinfo
 .text.luaG_addinfo
                0x80032300      0x100 build/src/lua/ldebug.o
                0x80032300                luaG_addinfo
 .text.luaG_errormsg
                0x80032400       0xc0 build/src/lua/ldebug.o
                0x80032400                luaG_errormsg
 .text.luaG_runerror
                0x800324c0       0xe0 build/src/lua/ldebug.o
                0x800324c0                luaG_runerror
 .text.luaG_typeerror
                0x800325a0       0x60 build/src/lua/ldebug.o
                0x800325a0                luaG_typeerror
 .text.luaG_concaterror
                0x80032600       0x40 build/src/lua/ldebug.o
                0x80032600                luaG_concaterror
 .text.luaG_opinterror
                0x80032640       0x40 build/src/lua/ldebug.o
                0x80032640                luaG_opinterror
 .text.luaG_forerror
                0x80032680       0x40 build/src/lua/ldebug.o
                0x80032680                luaG_forerror
 .text.luaG_tointerror
                0x800326c0       0x80 build/src/lua/ldebug.o
                0x800326c0                luaG_tointerror
 .text.luaG_ordererror
                0x80032740       0x80 build/src/lua/ldebug.o
                0x80032740                luaG_ordererror
 .text.luaG_errnnil
                0x800327c0       0x60 build/src/lua/ldebug.o
                0x800327c0                luaG_errnnil
 .text.luaG_callerror
                0x80032820       0xa0 build/src/lua/ldebug.o
                0x80032820                luaG_callerror
 .text.luaG_tracecall
                0x800328c0       0x80 build/src/lua/ldebug.o
                0x800328c0                luaG_tracecall
 .text.luaG_traceexec
                0x80032940      0x280 build/src/lua/ldebug.o
                0x80032940                luaG_traceexec
 .text.closepaux
                0x80032bc0       0x20 build/src/lua/ldo.o
 .text.tryfuncTM
                0x80032be0       0xe0 build/src/lua/ldo.o
 .text.correctstack.isra.0
                0x80032cc0       0xa0 build/src/lua/ldo.o
 .text.luaD_seterrorobj
                0x80032d60       0x60 build/src/lua/ldo.o
                0x80032d60                luaD_seterrorobj
 .text.luaD_throw
                0x80032dc0       0xa0 build/src/lua/ldo.o
                0x80032dc0                luaD_throw
 .text.f_parser
                0x80032e60      0x180 build/src/lua/ldo.o
 .text.luaD_throwbaselevel
                0x80032fe0       0x40 build/src/lua/ldo.o
                0x80032fe0                luaD_throwbaselevel
 .text.luaD_rawrunprotected
                0x80033020       0xe0 build/src/lua/ldo.o
                0x80033020                luaD_rawrunprotected
 .text.luaD_errerr
                0x80033100       0x60 build/src/lua/ldo.o
                0x80033100                luaD_errerr
 .text.luaD_reallocstack
                0x80033160      0x180 build/src/lua/ldo.o
                0x80033160                luaD_reallocstack
 .text.luaD_growstack
                0x800332e0      0x120 build/src/lua/ldo.o
                0x800332e0                luaD_growstack
 .text.luaD_checkminstack
                0x80033400       0xe0 build/src/lua/ldo.o
                0x80033400                luaD_checkminstack
 .text.luaD_shrinkstack
                0x800334e0      0x120 build/src/lua/ldo.o
                0x800334e0                luaD_shrinkstack
 .text.luaD_inctop
                0x80033600       0x40 build/src/lua/ldo.o
                0x80033600                luaD_inctop
 .text.luaD_hook
                0x80033640      0x180 build/src/lua/ldo.o
                0x80033640                luaD_hook
 .text.rethook  0x800337c0      0x100 build/src/lua/ldo.o
 .text.luaD_hookcall
                0x800338c0       0x80 build/src/lua/ldo.o
                0x800338c0                luaD_hookcall
 .text.luaD_poscall
                0x80033940      0x300 build/src/lua/ldo.o
                0x80033940                luaD_poscall
 .text.unroll   0x80033c40      0x1c0 build/src/lua/ldo.o
 .text.luaD_pretailcall
                0x80033e00      0x400 build/src/lua/ldo.o
                0x80033e00                luaD_pretailcall
 .text.luaD_precall
                0x80034200      0x2e0 build/src/lua/ldo.o
                0x80034200                luaD_precall
 .text.resume   0x800344e0      0x160 build/src/lua/ldo.o
 .text.luaD_call
                0x80034640       0xe0 build/src/lua/ldo.o
                0x80034640                luaD_call
 .text.luaD_callnoyield
                0x80034720      0x100 build/src/lua/ldo.o
                0x80034720                luaD_callnoyield
 .text.lua_resume
                0x80034820      0x260 build/src/lua/ldo.o
                0x80034820                lua_resume
 .text.lua_isyieldable
                0x80034a80       0x20 build/src/lua/ldo.o
                0x80034a80                lua_isyieldable
 .text.lua_yieldk
                0x80034aa0       0x80 build/src/lua/ldo.o
                0x80034aa0                lua_yieldk
 .text.luaD_closeprotected
                0x80034b20       0xa0 build/src/lua/ldo.o
                0x80034b20                luaD_closeprotected
 .text.luaD_pcall
                0x80034bc0      0x140 build/src/lua/ldo.o
                0x80034bc0                luaD_pcall
 .text.luaD_protectedparser
                0x80034d00      0x140 build/src/lua/ldo.o
                0x80034d00                luaD_protectedparser
 .text.dumpVarint
                0x80034e40       0xe0 build/src/lua/ldump.o
 .text.dumpString
                0x80034f20      0x1e0 build/src/lua/ldump.o
 .text.dumpFunction
                0x80035100      0x660 build/src/lua/ldump.o
 .text.luaU_dump
                0x80035760      0x380 build/src/lua/ldump.o
                0x80035760                luaU_dump
 .text.luaF_newCclosure
                0x80035ae0       0x40 build/src/lua/lfunc.o
                0x80035ae0                luaF_newCclosure
 .text.luaF_newLclosure
                0x80035b20       0x80 build/src/lua/lfunc.o
                0x80035b20                luaF_newLclosure
 .text.luaF_initupvals
                0x80035ba0       0xe0 build/src/lua/lfunc.o
                0x80035ba0                luaF_initupvals
 .text.luaF_findupval
                0x80035c80       0xe0 build/src/lua/lfunc.o
                0x80035c80                luaF_findupval
 .text.luaF_newtbcupval
                0x80035d60      0x100 build/src/lua/lfunc.o
                0x80035d60                luaF_newtbcupval
 .text.luaF_unlinkupval
                0x80035e60       0x20 build/src/lua/lfunc.o
                0x80035e60                luaF_unlinkupval
 .text.luaF_closeupval
                0x80035e80       0xc0 build/src/lua/lfunc.o
                0x80035e80                luaF_closeupval
 .text.luaF_close
                0x80035f40      0x240 build/src/lua/lfunc.o
                0x80035f40                luaF_close
 .text.luaF_newproto
                0x80036180       0x80 build/src/lua/lfunc.o
                0x80036180                luaF_newproto
 .text.luaF_protosize
                0x80036200       0x80 build/src/lua/lfunc.o
                0x80036200                luaF_protosize
 .text.luaF_freeproto
                0x80036280       0xe0 build/src/lua/lfunc.o
                0x80036280                luaF_freeproto
 .text.luaF_getlocalname
                0x80036360       0x80 build/src/lua/lfunc.o
                0x80036360                luaF_getlocalname
 .text.separatetobefnz
                0x800363e0       0xa0 build/src/lua/lgc.o
 .text.objsize  0x80036480       0xc0 build/src/lua/lgc.o
 .text.reallymarkobject
                0x80036540      0x1a0 build/src/lua/lgc.o
 .text.traversearray
                0x800366e0       0xe0 build/src/lua/lgc.o
 .text.freeobj  0x800367c0      0x1e0 build/src/lua/lgc.o
 .text.sweeplist
                0x800369a0      0x100 build/src/lua/lgc.o
 .text.sweep2old
                0x80036aa0      0x100 build/src/lua/lgc.o
 .text.sweepgen
                0x80036ba0      0x160 build/src/lua/lgc.o
 .text.GCTM     0x80036d00      0x200 build/src/lua/lgc.o
 .text.dothecall
                0x80036f00       0x20 build/src/lua/lgc.o
 .text.clearbykeys
                0x80036f20      0x160 build/src/lua/lgc.o
 .text.clearbyvalues
                0x80037080      0x1e0 build/src/lua/lgc.o
 .text.entersweep
                0x80037260       0xe0 build/src/lua/lgc.o
 .text.correctgraylist
                0x80037340      0x140 build/src/lua/lgc.o
 .text.finishgencycle
                0x80037480      0x120 build/src/lua/lgc.o
 .text.atomic2gen
                0x800375a0       0xe0 build/src/lua/lgc.o
 .text.genlink  0x80037680       0xc0 build/src/lua/lgc.o
 .text.traverseephemeron
                0x80037740      0x2a0 build/src/lua/lgc.o
 .text.propagatemark
                0x800379e0      0x980 build/src/lua/lgc.o
 .text.convergeephemerons
                0x80038360       0xe0 build/src/lua/lgc.o
 .text.atomic   0x80038440      0x2c0 build/src/lua/lgc.o
 .text.singlestep
                0x80038700      0x380 build/src/lua/lgc.o
 .text.entergen
                0x80038a80       0xc0 build/src/lua/lgc.o
 .text.fullinc  0x80038b40      0x120 build/src/lua/lgc.o
 .text.luaC_barrier_
                0x80038c60       0xa0 build/src/lua/lgc.o
                0x80038c60                luaC_barrier_
 .text.luaC_barrierback_
                0x80038d00       0xc0 build/src/lua/lgc.o
                0x80038d00                luaC_barrierback_
 .text.luaC_fix
                0x80038dc0       0x40 build/src/lua/lgc.o
                0x80038dc0                luaC_fix
 .text.luaC_newobjdt
                0x80038e00       0x80 build/src/lua/lgc.o
                0x80038e00                luaC_newobjdt
 .text.luaC_newobj
                0x80038e80       0x60 build/src/lua/lgc.o
                0x80038e80                luaC_newobj
 .text.luaC_checkfinalizer
                0x80038ee0      0x220 build/src/lua/lgc.o
                0x80038ee0                luaC_checkfinalizer
 .text.luaC_changemode
                0x80039100       0xc0 build/src/lua/lgc.o
                0x80039100                luaC_changemode
 .text.luaC_freeallobjects
                0x800391c0      0x120 build/src/lua/lgc.o
                0x800391c0                luaC_freeallobjects
 .text.luaC_step
                0x800392e0      0x480 build/src/lua/lgc.o
                0x800392e0                luaC_step
 .text.luaC_fullgc
                0x80039760      0x100 build/src/lua/lgc.o
                0x80039760                luaC_fullgc
 .text.luaL_openselectedlibs
                0x80039860      0x100 build/src/lua/linit.o
                0x80039860                luaL_openselectedlibs
 .text.g_write  0x80039960      0x1a0 build/src/lua/liolib.o
 .text.io_type  0x80039b00       0xa0 build/src/lua/liolib.o
 .text.io_noclose
                0x80039ba0       0x60 build/src/lua/liolib.o
 .text.io_fclose
                0x80039c00       0x60 build/src/lua/liolib.o
 .text.read_chars
                0x80039c60       0xa0 build/src/lua/liolib.o
 .text.read_all
                0x80039d00       0xa0 build/src/lua/liolib.o
 .text.read_line
                0x80039da0      0x1a0 build/src/lua/liolib.o
 .text.io_pclose
                0x80039f40       0x60 build/src/lua/liolib.o
 .text.aux_lines
                0x80039fa0       0xc0 build/src/lua/liolib.o
 .text.io_flush
                0x8003a060       0xc0 build/src/lua/liolib.o
 .text.f_tostring
                0x8003a120       0x80 build/src/lua/liolib.o
 .text.readdigits
                0x8003a1a0       0xe0 build/src/lua/liolib.o
 .text.io_tmpfile
                0x8003a280       0xa0 build/src/lua/liolib.o
 .text.opencheck
                0x8003a320       0xe0 build/src/lua/liolib.o
 .text.g_iofile.isra.0
                0x8003a400      0x120 build/src/lua/liolib.o
 .text.io_input
                0x8003a520       0x40 build/src/lua/liolib.o
 .text.io_output
                0x8003a560       0x40 build/src/lua/liolib.o
 .text.io_write
                0x8003a5a0       0xa0 build/src/lua/liolib.o
 .text.io_popen
                0x8003a640      0x120 build/src/lua/liolib.o
 .text.io_open  0x8003a760      0x160 build/src/lua/liolib.o
 .text.g_read   0x8003a8c0      0x620 build/src/lua/liolib.o
 .text.io_read  0x8003aee0       0xa0 build/src/lua/liolib.o
 .text.io_readline
                0x8003af80      0x1e0 build/src/lua/liolib.o
 .text.f_gc     0x8003b160       0x80 build/src/lua/liolib.o
 .text.f_read   0x8003b1e0       0x80 build/src/lua/liolib.o
 .text.f_lines  0x8003b260       0x80 build/src/lua/liolib.o
 .text.f_write  0x8003b2e0       0xa0 build/src/lua/liolib.o
 .text.f_flush  0x8003b380       0xc0 build/src/lua/liolib.o
 .text.f_close  0x8003b440       0xc0 build/src/lua/liolib.o
 .text.f_setvbuf
                0x8003b500       0xe0 build/src/lua/liolib.o
 .text.io_close
                0x8003b5e0      0x100 build/src/lua/liolib.o
 .text.f_seek   0x8003b6e0      0x180 build/src/lua/liolib.o
 .text.io_lines
                0x8003b860      0x160 build/src/lua/liolib.o
 .text.luaopen_io
                0x8003b9c0      0x220 build/src/lua/liolib.o
                0x8003b9c0                luaopen_io
 .text.anchorstr
                0x8003bbe0      0x120 build/src/lua/llex.o
 .text.luaX_init
                0x8003bd00       0xa0 build/src/lua/llex.o
                0x8003bd00                luaX_init
 .text.luaX_token2str
                0x8003bda0       0x80 build/src/lua/llex.o
                0x8003bda0                luaX_token2str
 .text.lexerror
                0x8003be20       0xc0 build/src/lua/llex.o
 .text.save     0x8003bee0       0xe0 build/src/lua/llex.o
 .text.skip_sep
                0x8003bfc0      0x100 build/src/lua/llex.o
 .text.check_next2
                0x8003c0c0       0xa0 build/src/lua/llex.o
 .text.inclinenumber
                0x8003c160      0x100 build/src/lua/llex.o
 .text.esccheck.part.0
                0x8003c260       0x80 build/src/lua/llex.o
 .text.gethexa  0x8003c2e0       0xa0 build/src/lua/llex.o
 .text.read_numeral
                0x8003c380      0x2e0 build/src/lua/llex.o
 .text.read_long_string
                0x8003c660      0x360 build/src/lua/llex.o
 .text.llex     0x8003c9c0      0xec0 build/src/lua/llex.o
 .text.luaX_syntaxerror
                0x8003d880       0x20 build/src/lua/llex.o
                0x8003d880                luaX_syntaxerror
 .text.luaX_newstring
                0x8003d8a0       0x40 build/src/lua/llex.o
                0x8003d8a0                luaX_newstring
 .text.luaX_setinput
                0x8003d8e0       0xe0 build/src/lua/llex.o
                0x8003d8e0                luaX_setinput
 .text.luaX_next
                0x8003d9c0       0x80 build/src/lua/llex.o
                0x8003d9c0                luaX_next
 .text.luaX_lookahead
                0x8003da40       0x40 build/src/lua/llex.o
                0x8003da40                luaX_lookahead
 .text.math_rad
                0x8003da80       0x40 build/src/lua/lmathlib.o
 .text.math_deg
                0x8003dac0       0x40 build/src/lua/lmathlib.o
 .text.math_tan
                0x8003db00       0x40 build/src/lua/lmathlib.o
 .text.math_sqrt
                0x8003db40       0x40 build/src/lua/lmathlib.o
 .text.math_sin
                0x8003db80       0x40 build/src/lua/lmathlib.o
 .text.math_min
                0x8003dbc0       0xe0 build/src/lua/lmathlib.o
 .text.math_max
                0x8003dca0       0xe0 build/src/lua/lmathlib.o
 .text.math_log
                0x8003dd80      0x140 build/src/lua/lmathlib.o
 .text.math_ldexp
                0x8003dec0       0x60 build/src/lua/lmathlib.o
 .text.math_ult
                0x8003df20       0x60 build/src/lua/lmathlib.o
 .text.math_frexp
                0x8003df80       0x60 build/src/lua/lmathlib.o
 .text.math_fmod
                0x8003dfe0      0x100 build/src/lua/lmathlib.o
 .text.math_exp
                0x8003e0e0       0x40 build/src/lua/lmathlib.o
 .text.math_cos
                0x8003e120       0x40 build/src/lua/lmathlib.o
 .text.math_atan
                0x8003e160       0x60 build/src/lua/lmathlib.o
 .text.math_asin
                0x8003e1c0       0x40 build/src/lua/lmathlib.o
 .text.math_acos
                0x8003e200       0x40 build/src/lua/lmathlib.o
 .text.math_type
                0x8003e240       0xa0 build/src/lua/lmathlib.o
 .text.math_modf
                0x8003e2e0      0x160 build/src/lua/lmathlib.o
 .text.math_toint
                0x8003e440       0x80 build/src/lua/lmathlib.o
 .text.math_abs
                0x8003e4c0       0xa0 build/src/lua/lmathlib.o
 .text.math_randomseed
                0x8003e560      0x140 build/src/lua/lmathlib.o
 .text.math_ceil
                0x8003e6a0       0xc0 build/src/lua/lmathlib.o
 .text.math_floor
                0x8003e760       0xc0 build/src/lua/lmathlib.o
 .text.math_random
                0x8003e820      0x2a0 build/src/lua/lmathlib.o
 .text.luaopen_math
                0x8003eac0      0x1a0 build/src/lua/lmathlib.o
                0x8003eac0                luaopen_math
 .text.tryagain
                0x8003ec60       0x80 build/src/lua/lmem.o
 .text.luaM_shrinkvector_
                0x8003ece0      0x100 build/src/lua/lmem.o
                0x8003ece0                luaM_shrinkvector_
 .text.luaM_toobig
                0x8003ede0       0x20 build/src/lua/lmem.o
                0x8003ede0                luaM_toobig
 .text.luaM_free_
                0x8003ee00       0x60 build/src/lua/lmem.o
                0x8003ee00                luaM_free_
 .text.luaM_realloc_
                0x8003ee60       0xc0 build/src/lua/lmem.o
                0x8003ee60                luaM_realloc_
 .text.luaM_growaux_
                0x8003ef20      0x100 build/src/lua/lmem.o
                0x8003ef20                luaM_growaux_
 .text.luaM_saferealloc_
                0x8003f020       0xc0 build/src/lua/lmem.o
                0x8003f020                luaM_saferealloc_
 .text.luaM_malloc_
                0x8003f0e0       0xa0 build/src/lua/lmem.o
                0x8003f0e0                luaM_malloc_
 .text.findloader
                0x8003f180      0x1c0 build/src/lua/loadlib.o
 .text.ll_require
                0x8003f340      0x1a0 build/src/lua/loadlib.o
 .text.searchpath
                0x8003f4e0      0x220 build/src/lua/loadlib.o
 .text.ll_searchpath
                0x8003f700      0x100 build/src/lua/loadlib.o
 .text.lookforfunc
                0x8003f800       0xe0 build/src/lua/loadlib.o
 .text.ll_loadlib
                0x8003f8e0       0xc0 build/src/lua/loadlib.o
 .text.loadfunc
                0x8003f9a0      0x100 build/src/lua/loadlib.o
 .text.searcher_preload
                0x8003faa0       0xc0 build/src/lua/loadlib.o
 .text.setpath  0x8003fb60      0x240 build/src/lua/loadlib.o
 .text.findfile.constprop.0
                0x8003fda0       0xc0 build/src/lua/loadlib.o
 .text.searcher_C
                0x8003fe60      0x100 build/src/lua/loadlib.o
 .text.searcher_Croot
                0x8003ff60      0x160 build/src/lua/loadlib.o
 .text.searcher_Lua
                0x800400c0      0x100 build/src/lua/loadlib.o
 .text.luaopen_package
                0x800401c0      0x200 build/src/lua/loadlib.o
                0x800401c0                luaopen_package
 .text.intarith
                0x800403c0       0xc0 build/src/lua/lobject.o
 .text.numarith
                0x80040480       0xc0 build/src/lua/lobject.o
 .text.l_str2dloc
                0x80040540       0xc0 build/src/lua/lobject.o
 .text.addstr2buff
                0x80040600      0x140 build/src/lua/lobject.o
 .text.pushbuff
                0x80040740      0x120 build/src/lua/lobject.o
 .text.luaO_ceillog2
                0x80040860       0x80 build/src/lua/lobject.o
                0x80040860                luaO_ceillog2
 .text.luaO_codeparam
                0x800408e0       0xe0 build/src/lua/lobject.o
                0x800408e0                luaO_codeparam
 .text.luaO_applyparam
                0x800409c0       0xc0 build/src/lua/lobject.o
                0x800409c0                luaO_applyparam
 .text.luaO_rawarith
                0x80040a80      0x240 build/src/lua/lobject.o
                0x80040a80                luaO_rawarith
 .text.luaO_arith
                0x80040cc0       0xa0 build/src/lua/lobject.o
                0x80040cc0                luaO_arith
 .text.luaO_hexavalue
                0x80040d60       0x40 build/src/lua/lobject.o
                0x80040d60                luaO_hexavalue
 .text.luaO_str2num
                0x80040da0      0x360 build/src/lua/lobject.o
                0x80040da0                luaO_str2num
 .text.luaO_utf8esc
                0x80041100       0x80 build/src/lua/lobject.o
                0x80041100                luaO_utf8esc
 .text.luaO_tostringbuff
                0x80041180      0x140 build/src/lua/lobject.o
                0x80041180                luaO_tostringbuff
 .text.luaO_tostring
                0x800412c0       0xa0 build/src/lua/lobject.o
                0x800412c0                luaO_tostring
 .text.luaO_pushvfstring
                0x80041360      0x420 build/src/lua/lobject.o
                0x80041360                luaO_pushvfstring
 .text.luaO_pushfstring
                0x80041780       0x60 build/src/lua/lobject.o
                0x80041780                luaO_pushfstring
 .text.luaO_chunkid
                0x800417e0      0x2a0 build/src/lua/lobject.o
                0x800417e0                luaO_chunkid
 .text.luaP_isIT
                0x80041a80       0x60 build/src/lua/lopcodes.o
                0x80041a80                luaP_isIT
 .text.getfield
                0x80041ae0      0x160 build/src/lua/loslib.o
 .text.os_setlocale
                0x80041c40       0xa0 build/src/lua/loslib.o
 .text.os_rename
                0x80041ce0       0x80 build/src/lua/loslib.o
 .text.os_remove
                0x80041d60       0x60 build/src/lua/loslib.o
 .text.os_getenv
                0x80041dc0       0x60 build/src/lua/loslib.o
 .text.os_exit  0x80041e20       0xa0 build/src/lua/loslib.o
 .text.os_execute
                0x80041ec0       0x80 build/src/lua/loslib.o
 .text.os_difftime
                0x80041f40       0x60 build/src/lua/loslib.o
 .text.os_clock
                0x80041fa0       0x60 build/src/lua/loslib.o
 .text.os_tmpname
                0x80042000       0x80 build/src/lua/loslib.o
 .text.setallfields
                0x80042080      0x180 build/src/lua/loslib.o
 .text.os_time  0x80042200      0x1e0 build/src/lua/loslib.o
 .text.os_date  0x800423e0      0x320 build/src/lua/loslib.o
 .text.luaopen_os
                0x80042700       0x60 build/src/lua/loslib.o
                0x80042700                luaopen_os
 .text.errorlimit
                0x80042760       0x80 build/src/lua/lparser.o
 .text.new_varkind
                0x800427e0       0xc0 build/src/lua/lparser.o
 .text.allocupvalue
                0x800428a0       0xe0 build/src/lua/lparser.o
 .text.check_readonly
                0x80042980      0x140 build/src/lua/lparser.o
 .text.singlevaraux
                0x80042ac0      0x320 build/src/lua/lparser.o
 .text.buildglobal
                0x80042de0      0x100 build/src/lua/lparser.o
 .text.buildvar
                0x80042ee0      0x100 build/src/lua/lparser.o
 .text.error_expected
                0x80042fe0       0x40 build/src/lua/lparser.o